org/hl7/v3/XAccommodationRequestorRole.class
org/hl7/v3/OrganizationNamePartQualifier.class
org/hl7/v3/COCTMT080000UVSpecimen.class
org/hl7/v3/DataTypeBoolean.class
org/hl7/v3/COCTMT290000UV06ReusableDevice.class
org/hl7/v3/AdxpStreetName.class
org/hl7/v3/RefillFirstHerePharmacySupplyType.class
org/hl7/v3/NieceNephew.class
org/hl7/v3/PRPAMT201302UV02AdministrativeObservationIdUpdateMode.class
org/hl7/v3/COCTMT510000UV06DirectAuthorityOver.class
org/hl7/v3/ComplianceDetectedIssueCodeDuplicateTherapyAlertByBOT.class
org/hl7/v3/LifeInsurancePolicy.class
org/hl7/v3/PRPAMT201302UV02ContactPartyId.class
ihe/iti/atna/AuditMessage$ActiveParticipant.class
org/hl7/v3/COCTMT740000UV04Location.class
oasis/names/tc/ebxml_regrep/xsd/query/_3/StringFilterType.class
org/hl7/v3/COCTMT230100UVTerritorialAuthority.class
org/hl7/v3/COCTMT030000UV04ContactParty.class
org/hl7/v3/SubmucosalRoute.class
org/hl7/v3/DataTypeObjectIdentifier.class
org/hl7/v3/TableFrame.class
org/hl7/v3/COCTMT510000UV06IndirectAuthorithyOver2.class
org/hl7/v3/COCTMT290000UV06IndirectAuthorithyOver.class
org/hl7/v3/COCTMT510000UV06Component.class
org/hl7/v3/COCTMT090100UV01Member.class
org/hl7/v3/COCTMT030000UV04OtherIDs.class
org/hl7/v3/ActSpecimenTransportCode.class
org/hl7/v3/COCTMT290000UV06SpecimenCollectionEvent.class
org/hl7/v3/ObservationDrugIntoleranceType.class
org/hl7/v3/ConceptCodeRelationship.class
org/hl7/v3/COCTMT500000UV04PolicyHolder.class
org/hl7/v3/RoleClassManufacturedProduct.class
org/hl7/v3/MCCIMT000200UV01LocatedEntity.class
org/hl7/v3/COCTMT510000UV06DirectAuthorityOver4.class
org/hl7/v3/COCTMT510000UV06Holder.class
org/hl7/v3/XRoleClassCoverage.class
org/hl7/v3/COCTMT030000UV04Student.class
org/hl7/v3/MFMIMT700701UV01InFulfillmentOf.class
org/hl7/v3/COCTMT500000UV04Beneficiary.class
org/hl7/v3/GasDrugForm.class
org/hl7/v3/MCCIMT000200UV01Sender.class
org/hl7/v3/COCTMT510000UV06PolicyHolder.class
org/hl7/v3/Transfer.class
org/hl7/v3/RoleClassLicensedEntity.class
org/hl7/v3/ActBoundedROICode.class
org/hl7/v3/COCTMT260003UVMitigates.class
org/hl7/v3/LineAccessMedicalDevice.class
org/hl7/v3/COCTMT230100UVPolicy.class
oasis/names/tc/ebxml_regrep/xsd/rs/_3/RegistryError.class
org/openhim/mediator/messages/ATNAAudit.class
org/hl7/v3/ActInvoiceAdjudicationPaymentSummaryCode.class
org/hl7/v3/ActTaskMedicationListReviewCode.class
org/hl7/v3/COCTMT530000UVSubject1.class
org/hl7/v3/COCTMT500000UV04Employment.class
org/hl7/v3/Pomoan.class
org/hl7/v3/COCTMT300000UV04Product.class
org/hl7/v3/RelatedReactionDetectedIssueCode.class
org/hl7/v3/COCTMT530000UVControlActEvent.class
org/hl7/v3/XActClassCareProvisionObservation.class
org/hl7/v3/PIVLPPDTS.class
org/hl7/v3/COCTMT500000UV04Limitation.class
org/hl7/v3/XBasicConfidentialityKind.class
org/hl7/v3/AdxpDeliveryInstallationType.class
org/openhim/mediator/denormalization/PIXRequestActor.class
org/hl7/v3/ContextControlPropagating.class
org/hl7/v3/COCTMT230100UVMedicineManufacturer.class
org/hl7/v3/ValueSetOperator.class
org/hl7/v3/COCTMT500000UV04AccommodationCoverage.class
org/hl7/v3/COCTMT080000UVContainer.class
org/hl7/v3/ExtracorporealCirculationRoute.class
org/hl7/v3/EntericCoatedTablet.class
ihe/iti/xds_b/_2007/RetrieveDocumentSetRequestType.class
org/hl7/v3/COCTMT510000UV06CoverageRecord.class
oasis/names/tc/ebxml_regrep/xsd/query/_3/SpecificationLinkQueryType.class
org/openhim/mediator/normalization/SOAPWrapper.class
org/hl7/v3/ActInformationAccessCode.class
org/hl7/v3/AuthorizationIssueManagementCode.class
org/hl7/v3/DataTypeRatio.class
org/hl7/v3/PRPAMT201303UV02PersonalRelationship.class
org/hl7/v3/AdxpPostalCode.class
org/hl7/v3/PQR.class
org/hl7/v3/ModelMediaType.class
org/hl7/v3/DataTypeAnnotatedConceptDescriptor.class
org/hl7/v3/SupplyDetectedIssueCode.class
org/hl7/v3/ParticipationModeWritten.class
org/hl7/v3/COCTMT530000UVActReference.class
org/hl7/v3/CombinedPharmacyOrderSuspendReasonCode.class
oasis/names/tc/ebxml_regrep/xsd/query/_3/AdhocQueryRequest.class
org/hl7/v3/XEntityClassPersonOrOrgReceiving.class
org/hl7/v3/COCTMT060000UV01RoleTransport.class
org/hl7/v3/COCTMT820000UVCareProvision.class
org/hl7/v3/COCTMT530000UVRecordTarget.class
org/hl7/v3/QueryPriority.class
ihe/iti/xds_b/_2007/DocumentRepositoryService.class
org/hl7/v3/IontophoresisRoute.class
org/hl7/v3/Insertion.class
org/hl7/v3/UrinaryTractRoute.class
org/hl7/v3/COCTMT310000UV04AcommodationRequestor.class
org/hl7/v3/ActInsurancePolicyCodeDiseaseProgramByBOT.class
org/hl7/v3/TargetAwareness.class
org/hl7/v3/COCTMT300000UV04PertinentInformation2.class
org/hl7/v3/COCTMT040203UV01NotificationParty.class
org/hl7/v3/COCTMT500000UV04CoveredParty.class
oasis/names/tc/ebxml_regrep/xsd/query/_3/QueryExpressionBranchType.class
org/hl7/v3/II.class
org/hl7/v3/XDocumentSubstanceMood.class
org/hl7/v3/OrderedListStyle.class
org/hl7/v3/COCTMT290000UV06Subject5.class
oasis/names/tc/ebxml_regrep/xsd/query/_3/ClassificationSchemeQueryType.class
org/hl7/v3/ActStatusNormal.class
org/hl7/v3/COCTMT810000UVInformationProvision.class
org/hl7/v3/COCTMT600000UV06VisionProduct.class
org/hl7/v3/COCTMT960000UV05Device2.class
org/openhim/mediator/orchestration/RegistryActor.class
ihe/iti/atna/TypeValuePairType.class
org/hl7/v3/COCTMT530000UVBirthplace.class
org/hl7/v3/COCTMT090002UV01Person.class
org/hl7/v3/COCTMT080000UVIdentifiedContainer.class
org/hl7/v3/Ojibwayan.class
org/hl7/v3/PatientImportance.class
org/hl7/v3/IntrathoracicRoute.class
org/hl7/v3/PRPAIN201301UV02MFMIMT700701UV01ControlActProcess.class
org/hl7/v3/COCTMT490000UV04Origin.class
org/hl7/v3/MFMIMT700701UV01RegistrationRequest.class
org/hl7/v3/COCTMT290000UV06PatientCareProvisionRequest.class
org/hl7/v3/COCTMT290000UV06Specimen.class
org/hl7/v3/XDocumentStatus.class
org/hl7/v3/Cree.class
org/hl7/v3/SubarachnoidRoute.class
org/hl7/v3/EnSuffix.class
org/hl7/v3/PRPAMT201303UV02ContactParty.class
oasis/names/tc/ebxml_regrep/xsd/query/_3/package-info.class
org/hl7/v3/SXCMINT.class
org/hl7/v3/COCTMT530000UVDataEnterer.class
org/hl7/v3/HL7AccommodationCode.class
org/hl7/v3/COCTMT510000UV06Limitation2.class
org/hl7/v3/COCTMT510000UV06Subject.class
org/hl7/v3/COCTMT090003UV01Organization.class
org/hl7/v3/COCTMT090000UV01AssignedEntity.class
org/hl7/v3/IVXBREAL.class
oasis/names/tc/ebxml_regrep/xsd/rim/_3/ServiceBindingType.class
org/hl7/v3/PharmacySupplyEventStockReasonCode.class
org/hl7/v3/COCTMT310000UV04PertinentInformation1.class
org/hl7/v3/COCTMT080000UVContent1.class
org/hl7/v3/COCTMT290000UV06Author1.class
org/hl7/v3/COCTMT530000UVMaterialKind.class
oasis/names/tc/ebxml_regrep/xsd/lcm/_3/ObjectFactory.class
org/hl7/v3/IVLMO.class
oasis/names/tc/ebxml_regrep/xsd/rim/_3/AuditableEventType.class
org/hl7/v3/XLabProcessClassCodes.class
org/hl7/v3/COCTMT080000UVSubject2.class
org/hl7/v3/NailRoute.class
org/hl7/v3/COCTMT230100UVObservationGoal.class
org/hl7/v3/VaginalFoam.class
org/hl7/v3/GreatGrandparent.class
org/hl7/v3/COCTMT290000UV06InFulfillmentOf.class
org/hl7/v3/COCTMT030207UVLanguageCommunication.class
org/hl7/v3/COCTMT300000UV04SubstanceAdministrationOrder.class
org/hl7/v3/COCTMT600000UV06SupplyObservationEvent.class
org/hl7/v3/PRPAMT201302UV02PersonalRelationshipId.class
org/hl7/v3/PedsClinPracticeSetting.class
org/hl7/v3/COCTMT600000UV06Product2.class
org/hl7/v3/IntratendinousRoute.class
org/hl7/v3/IntraprostaticRoute.class
oasis/names/tc/ebxml_regrep/xsd/query/_3/AuditableEventQueryType.class
org/hl7/v3/COCTMT510000UV06Payor.class
org/hl7/v3/ActMedicationTherapyDurationWorkingListCode.class
org/hl7/v3/COCTMT260003UVAuthor.class
org/hl7/v3/ObservationInterpretationChange.class
org/hl7/v3/DoseLowDetectedIssueCode.class
org/hl7/v3/COCTMT530000UVDevice.class
org/hl7/v3/ActClassProcedure.class
org/hl7/v3/COCTMT230100UVAuthor.class
org/hl7/v3/COCTMT090108UVAssignedPerson.class
org/hl7/v3/LocalMarkupIgnore.class
org/hl7/v3/COCTMT230100UVSubject2.class
org/hl7/v3/MCCIMT000100UV01Device.class
org/hl7/v3/ON.class
org/hl7/v3/COCTMT030000UV04Member.class
org/hl7/v3/ActInvoicePaymentCode.class
org/hl7/v3/DataTypeAddressPart.class
org/hl7/v3/HumanSubstanceAdministrationSite.class
org/hl7/v3/COCTMT530000UVAuthor.class
org/hl7/v3/ConceptPropertyId.class
org/hl7/v3/XLabSpecimenCollectionProviders.class
org/hl7/v3/ActPolicyType.class
org/hl7/v3/COCTMT310000UV04MinimumAvailableAccommodation.class
org/hl7/v3/ActAdjudicationGroupCode.class
org/hl7/v3/ENXP.class
org/hl7/v3/COCTMT300000UV04Performer2.class
org/hl7/v3/COCTMT490000UV04Referrer.class
org/hl7/v3/COCTMT510000UV06Beneficiary2.class
org/hl7/v3/COCTMT300000UV04Destination.class
org/hl7/v3/XDocumentSubject.class
org/hl7/v3/DoseIntervalDetectedIssueCode.class
org/hl7/v3/WesternNumic.class
org/hl7/v3/COCTMT740000UV04OralHealthSubstanceAdministration.class
org/hl7/v3/COCTMT290000UV06Reason4.class
org/hl7/v3/EnteralRoute.class
org/hl7/v3/RTOQTYQTY.class
org/hl7/v3/RTOMOPQ.class
org/hl7/v3/IntraabdominalRoute.class
org/hl7/v3/AdxpDeliveryInstallationArea.class
org/hl7/v3/COCTMT060000UV01Escort.class
org/hl7/v3/DataTypeSetOfPhysicalQuantities.class
org/hl7/v3/SiblingInLaw.class
org/hl7/v3/MFMIMT700701UV01PriorRegisteredAct.class
org/hl7/v3/COCTMT230100UVAgency.class
org/openhim/mediator/denormalization/ATNAAuditingActor$3.class
oasis/names/tc/ebxml_regrep/xsd/rim/_3/NotificationType.class
org/hl7/v3/PRPAIN201302UV02MCCIMT000100UV01Message.class
org/hl7/v3/DeliveryAddressLine.class
org/hl7/v3/COCTMT510000UV06CoveredParty.class
org/openhim/mediator/XDSMediatorMain.class
org/hl7/v3/SerranoGabrielino.class
org/hl7/v3/PRPAMT201301UV02Group.class
oasis/names/tc/ebxml_regrep/xsd/rim/_3/PersonNameType.class
org/hl7/v3/NorthernCaddoan.class
org/hl7/v3/PRPAMT201302UV02Student.class
org/hl7/v3/PRPAMT201301UV02Person.class
org/hl7/v3/DuplicateTherapyAlert.class
org/hl7/v3/ConfidentialityModifiers.class
org/hl7/v3/AdjudicatedWithAdjustments.class
org/hl7/v3/HomeAddressUse.class
org/hl7/v3/PRPAMT201303UV02Student.class
org/hl7/v3/COCTMT810000UVSupport.class
org/hl7/v3/COCTMT260003UVDetectedMedicationIssueDefinition.class
org/hl7/v3/ObservationNonAllergyIntoleranceType.class
org/hl7/v3/PRPAIN201302UV02MFMIMT700701UV01Subject1.class
org/hl7/v3/WorkPlaceAddressUse.class
org/hl7/v3/MdfHmdRowType.class
org/hl7/v3/PeriarticularRoute.class
org/hl7/v3/INT.class
org/hl7/v3/IndividualPackageEntityType.class
oasis/names/tc/ebxml_regrep/xsd/lcm/_3/UndeprecateObjectsRequest.class
org/hl7/v3/PRPAMT201302UV02ContactParty.class
org/hl7/v3/LanguageAbilityProficiency.class
ihe/iti/xds_b/_2007/RetrieveDocumentSetRequestType$DocumentRequest.class
org/hl7/v3/XActMoodOrdPrmsEvn.class
oasis/names/tc/ebxml_regrep/xsd/rim/_3/LocalizedStringType.class
org/hl7/v3/COCTMT290000UV06ManufacturedMaterial.class
org/hl7/v3/ConfidentialityByInfoType.class
org/hl7/v3/ActAccommodationReason.class
org/hl7/v3/BiotherapeuticNonPersonLivingSubjectRoleType.class
org/hl7/v3/XActMoodOrdPrms.class
org/hl7/v3/COCTMT510000UV06Organization.class
org/hl7/v3/AudioMediaType.class
org/hl7/v3/COCTMT290000UV06Location.class
org/hl7/v3/PRPAMT201301UV02OtherIDs.class
org/hl7/v3/InhalerMedicalDevice.class
org/hl7/v3/ParticipationIndirectTarget.class
org/hl7/v3/PRPAMT201303UV02Guardian.class
org/hl7/v3/VaginalOintment.class
org/hl7/v3/COCTMT510000UV06CoveredParty2.class
org/hl7/v3/GenericUpdateReasonCode.class
org/openhim/mediator/denormalization/ATNAAuditingActor$1.class
org/hl7/v3/EntityClassContainer.class
org/hl7/v3/AdministrationDetectedIssueCodeDuplicateTherapyAlertByBOT.class
org/hl7/v3/ParentInLaw.class
org/hl7/v3/ObservationFoodIntoleranceType.class
org/hl7/v3/COCTMT030007UVBirthPlace.class
org/hl7/v3/HalfSibling.class
org/hl7/v3/COCTMT230100UVSubject7.class
org/hl7/v3/COCTMT230100UVSubject16.class
org/hl7/v3/PRPAMT201302UV02BirthPlace.class
org/hl7/v3/COCTMT150003UV03ContactParty.class
org/hl7/v3/PayorRoleType.class
org/hl7/v3/BarSoapDrugForm.class
org/hl7/v3/UrinaryBladderIrrigation.class
org/hl7/v3/XPersonNamePartType.class
org/hl7/v3/COCTMT290000UV06Subject2.class
org/hl7/v3/COCTMT530000UVResponsibleParty1.class
org/openhim/mediator/messages/OrchestrateProvideAndRegisterRequestResponse.class
org/hl7/v3/IntracoronalRoute.class
org/hl7/v3/PRPAMT201302UV02AdministrativeObservation.class
org/hl7/v3/PRPAMT201302UV02LanguageCommunication.class
org/hl7/v3/ParameterizedDataTypeParametricProbabilityDistribution.class
org/hl7/v3/COCTMT080000UVPerformer.class
org/hl7/v3/COCTMT090300UV01Group.class
org/hl7/v3/PulmonaryRoute.class
org/hl7/v3/SubsidizedHealthProgram.class
ihe/iti/atna/ObjectFactory.class
org/hl7/v3/MissouriRiver.class
org/hl7/v3/EntericCoatedCapsule.class
org/hl7/v3/COCTMT230100UVSubject14.class
org/hl7/v3/LiquidCleanser.class
org/hl7/v3/AdxpPostBox.class
org/hl7/v3/MCCIMT000100UV01LocatedEntity.class
org/hl7/v3/COCTMT600000UV06Diagnosis.class
org/hl7/v3/COCTMT230100UVSubject11.class
org/hl7/v3/ActContainerRegistrationCode.class
org/hl7/v3/XActMoodRqoPrpAptArq.class
org/hl7/v3/PRPAMT201302UV02CareGiver.class
org/hl7/v3/IntraspinalRoute.class
org/hl7/v3/COCTMT600000UV06PertinentInformation2.class
org/hl7/v3/COCTMT710000UV01LocatedEntityHasParts.class
org/hl7/v3/SurgClinPracticeSetting.class
org/hl7/v3/COCTMT600000UV06PrescriptionIntent.class
org/hl7/v3/PRPAMT201302UV02CareGiverId.class
oasis/names/tc/ebxml_regrep/xsd/lcm/_3/package-info.class
org/hl7/v3/ManagedCarePolicy.class
org/hl7/v3/XActRelationshipDocument.class
org/hl7/v3/HemClinPracticeSetting.class
org/hl7/v3/ElectroOsmosisRoute.class
org/hl7/v3/XRoleClassAccommodationRequestor.class
org/hl7/v3/COCTMT710007UVLocatedEntity.class
org/hl7/v3/IntravenousInfusion.class
oasis/names/tc/ebxml_regrep/xsd/query/_3/SlotBranchType.class
org/hl7/v3/MessageWaitingPriority.class
org/hl7/v3/RoleClassNamedInsured.class
org/hl7/v3/COCTMT090002UV01Device.class
org/hl7/v3/PRPAIN201301UV02.class
org/hl7/v3/XActMoodPermPermrq.class
org/hl7/v3/COCTMT490000UV04ManufacturedProductOrganization.class
org/hl7/v3/COCTMT510000UV06CoverageCharge.class
org/hl7/v3/MapRelationship.class
org/openhim/mediator/exceptions/ValidationException.class
org/hl7/v3/COCTMT290000UV06PatientEncounter.class
org/hl7/v3/DataTypeIntervalOfIntegerNumbers.class
org/hl7/v3/XEncounterPerformerParticipation.class
oasis/names/tc/ebxml_regrep/xsd/rim/_3/PersonType.class
org/hl7/v3/COCTMT600000UV06Author.class
org/hl7/v3/COCTMT290000UV06Performer.class
org/hl7/v3/MFMIMT700701UV01ReplacementOf.class
org/hl7/v3/PeriduralRoute.class
org/hl7/v3/COCTMT030007UVOtherIDs.class
org/hl7/v3/XClinicalStatementEncounterMood.class
org/hl7/v3/COCTMT530000UVManufacturedProduct.class
org/hl7/v3/COCTMT030007UVCitizen.class
org/hl7/v3/IntrasynovialRoute.class
org/hl7/v3/InjectionMedicalDevice.class
org/hl7/v3/ADXP.class
org/hl7/v3/COCTMT510000UV06IndirectAuthorithyOver.class
org/hl7/v3/XParticipationVrfRespSprfWit.class
org/hl7/v3/CodingRationale.class
org/hl7/v3/FontStyle.class
org/hl7/v3/MFMIMT700701UV01Definition.class
org/hl7/v3/COCTMT260003UVOtherMedication.class
org/hl7/v3/Dhegiha.class
org/hl7/v3/MCCIMT000100UV01AttentionLine.class
org/openhim/mediator/messages/BaseResolveIdentifier.class
org/hl7/v3/EIVLEvent.class
org/hl7/v3/ActClassObservationSeries.class
org/hl7/v3/SupplyOrderAbortReasonCode.class
org/hl7/v3/COCTMT300000UV04ManufacturedMaterialKind.class
org/hl7/v3/DataTypeSetOfIntegerNumbers.class
org/hl7/v3/COCTMT290000UV06AdministrativeDiagnosisReference.class
org/hl7/v3/ParameterizedDataTypeNonParametricProbabilityDistribution.class
org/hl7/v3/MCCIMT000100UV01Organization.class
org/hl7/v3/CD.class
org/hl7/v3/PRPAIN201302UV02MFMIMT700701UV01RegistrationEvent.class
org/hl7/v3/IntraventricularRoute.class
org/hl7/v3/ContextControlAdditive.class
org/hl7/v3/COCTMT090100UV01RoleOther.class
org/hl7/v3/ArapahoGrosVentre.class
org/hl7/v3/ApplicationMediaType.class
org/hl7/v3/GingivalRoute.class
org/hl7/v3/ConfidentialityByAccessKind.class
ihe/iti/xds_b/_2007/DocumentRegistryService.class
org/hl7/v3/COCTMT260003UVSubject2.class
org/hl7/v3/COCTMT090102UV02AssignedPerson.class
org/hl7/v3/COCTMT090303UV01AssignedDevice.class
org/hl7/v3/Maiduan.class
org/hl7/v3/HeightSurfaceAreaAlert.class
org/hl7/v3/RTO.class
org/hl7/v3/COCTMT510000UV06PrimaryPerformer.class
org/hl7/v3/ExtendedReleaseCapsule.class
org/hl7/v3/ActRelationshipExcerpt.class
org/hl7/v3/PRPAMT201301UV02Nation.class
org/hl7/v3/ActClassCareProvision.class
org/hl7/v3/DataTypeUncertainProbabilisticIntervalOfPhysicalQuantities.class
org/hl7/v3/ResourceGroupEntityType.class
org/hl7/v3/PRPAMT201302UV02PatientStatusCode.class
org/hl7/v3/XActOrderableOrBillable.class
org/hl7/v3/ActCoverageQuantityLimitCode.class
org/hl7/v3/PlasticBottleEntityType.class
org/hl7/v3/COCTMT810000UVInFulfillmentOf.class
org/hl7/v3/COCTMT230100UVSubIngredient.class
oasis/names/tc/ebxml_regrep/xsd/rim/_3/FederationType.class
org/hl7/v3/COCTMT300000UV04HealthCareProvider.class
org/hl7/v3/COCTMT260003UVLocation.class
org/hl7/v3/ObservationEligibilityIndicatorValue.class
org/openhim/mediator/normalization/XDSbMimeProcessorActor.class
org/hl7/v3/IntraarterialInjection.class
org/hl7/v3/AdxpHouseNumberNumeric.class
org/hl7/v3/DoseHighDetectedIssueCode.class
org/hl7/v3/COCTMT150007UVPerson.class
org/hl7/v3/COCTMT060000UV01Transportation.class
org/hl7/v3/AdxpCounty.class
org/hl7/v3/ActInvoiceOverrideCode.class
org/hl7/v3/ContextControlNonPropagating.class
org/hl7/v3/MFMIMT700701UV01PriorRegisteredRole.class
org/hl7/v3/EIVLTS.class
org/hl7/v3/PayorParticipationFunction.class
org/hl7/v3/ObservationHealthStatusValue.class
org/hl7/v3/COCTMT080000UVManufacturedProduct.class
org/hl7/v3/FirstFillCompletePharmacySupplyType.class
org/hl7/v3/COCTMT300000UV04PertinentInformation.class
org/hl7/v3/AdxpDeliveryMode.class
org/hl7/v3/COCTMT230100UVSubstanceManufacturer.class
org/hl7/v3/XPayeeRelationshipRoleType.class
org/hl7/v3/CommunicationFunctionType.class
org/hl7/v3/MCAIMT900001UV01Subject.class
org/hl7/v3/PRPAMT201301UV02Citizen.class
org/hl7/v3/ActInvoiceInterGroupCode.class
org/hl7/v3/COCTMT310000UV04AccommodationRequestorRole.class
org/hl7/v3/HtmlLinkType.class
org/hl7/v3/COCTMT230100UVSubstance.class
org/hl7/v3/COCTMT300000UV04Reason2.class
org/hl7/v3/MedicationCap.class
org/hl7/v3/COCTMT490000UV04Diagnosis.class
oasis/names/tc/ebxml_regrep/xsd/query/_3/ResponseOptionType.class
org/hl7/v3/OrganizationNameType.class
org/hl7/v3/Ambulance.class
org/hl7/v3/COCTMT490000UV04PertinentInformation.class
org/hl7/v3/OrganizationNameUseLegalByBOT.class
org/hl7/v3/COCTMT090300UV01Device.class
org/hl7/v3/COCTMT090003UV01Person.class
org/hl7/v3/ActIneligibilityReason.class
org/hl7/v3/COCTMT090300UV01LanguageCommunication.class
oasis/names/tc/ebxml_regrep/xsd/rim/_3/NotifyActionType.class
org/hl7/v3/COCTMT290000UV06Subject.class
org/hl7/v3/NephClinPracticeSetting.class
org/hl7/v3/COCTMT230100UVIngredient.class
org/hl7/v3/COCTMT260003UVOtherSupply.class
org/hl7/v3/COCTMT080000UVCriterion.class
org/hl7/v3/MucousMembraneRoute.class
org/hl7/v3/PRPAMT201302UV02CitizenId.class
org/hl7/v3/IntrasinalRoute.class
org/hl7/v3/PRPAMT201302UV02GuardianIdUpdateMode.class
org/hl7/v3/COCTMT740000UV04PertinentInformation2.class
org/hl7/v3/ContentProcessingMode.class
org/hl7/v3/DeviceAlertLevel.class
org/hl7/v3/ActClassPolicy.class
oasis/names/tc/ebxml_regrep/xsd/query/_3/RegistryPackageQueryType.class
oasis/names/tc/ebxml_regrep/xsd/query/_3/ClassificationNodeQueryType.class
oasis/names/tc/ebxml_regrep/xsd/query/_3/NotificationQueryType.class
org/hl7/v3/COCTMT740000UV04Reference.class
oasis/names/tc/ebxml_regrep/xsd/rim/_3/RegistryObjectType.class
org/hl7/v3/PRPAMT201301UV02CareGiver.class
org/hl7/v3/PrimaryDentition.class
org/hl7/v3/XSUCCREPLPREV.class
org/hl7/v3/TableRules.class
org/hl7/v3/RoleStatusNormal.class
org/hl7/v3/COCTMT150007UVContactParty.class
org/hl7/v3/COCTMT090000UV01Member.class
org/hl7/v3/IDClinPracticeSetting.class
org/hl7/v3/COCTMT030000UV04Employment.class
org/hl7/v3/IVLPPDTS.class
org/hl7/v3/FosterChild.class
org/hl7/v3/COCTMT710000UV01Place.class
org/hl7/v3/COCTMT290000UV06ServiceRequest.class
org/hl7/v3/MFMIMT700701UV01Subject3.class
org/hl7/v3/PerianalRoute.class
org/hl7/v3/GIClinicPracticeSetting.class
org/hl7/v3/AcknowledgementDetailNotSupportedCode.class
org/hl7/v3/RefillPartFillPharmacySupplyType.class
org/hl7/v3/CompressionAlgorithm.class
org/hl7/v3/IncidentalServiceDeliveryLocationRoleType.class
org/hl7/v3/DataTypeSetOfCharacterStrings.class
org/hl7/v3/COCTMT030000UV04Guarantor.class
ihe/iti/xds_b/_2007/DocumentRepositoryPortType.class
org/hl7/v3/EmergencyPharmacySupplyType.class
org/hl7/v3/COCTMT290000UV06Product1.class
org/hl7/v3/COCTMT600000UV06InFulfillmentOf.class
org/hl7/v3/ContainerSeparator.class
org/hl7/v3/COCTMT290000UV06InjuryLocation.class
org/hl7/v3/StepChild.class
org/hl7/v3/COCTMT290000UV06Subject3.class
org/hl7/v3/IntracorpusCavernosumRoute.class
org/hl7/v3/COCTMT600000UV06Product.class
org/openhim/mediator/orchestration/HealthRecordActor.class
org/hl7/v3/MultipartMediaType.class
org/hl7/v3/COCTMT230100UVMedicineClass.class
org/hl7/v3/IntracartilaginousRoute.class
org/hl7/v3/PRPAMT201302UV02MemberIdUpdateMode.class
org/hl7/v3/PRPAMT201303UV02Member.class
org/hl7/v3/XActMoodDefEvn.class
org/openhim/mediator/messages/EnrichRegistryStoredQueryResponse.class
org/hl7/v3/EIVLPPDTS.class
org/hl7/v3/COCTMT670000UV04GuarantorLanguage.class
oasis/names/tc/ebxml_regrep/xsd/rim/_3/ClassificationSchemeType.class
org/hl7/v3/AdxpDeliveryAddressLine.class
org/hl7/v3/ParameterizedDataTypeEventRelatedInterval.class
org/hl7/v3/Yukian.class
org/hl7/v3/COCTMT290000UV06BillableModifier.class
org/hl7/v3/COCTMT230100UVPackagedMedicine.class
org/hl7/v3/COCTMT530000UVOrganizer.class
org/hl7/v3/DataTypeAnnotatedPhysicalQuantity.class
org/hl7/v3/COCTMT080000UVNatural.class
org/hl7/v3/StudentRoleType.class
org/hl7/v3/COCTMT960000UV05PositionAccuracy.class
org/openhim/mediator/datatypes/RegistryStoredQuery.class
org/hl7/v3/ParanasalSinusesRoute.class
org/hl7/v3/OregonAthapaskan.class
org/hl7/v3/Douche.class
org/hl7/v3/COCTMT510000UV06DirectAuthorityOver2.class
org/hl7/v3/COCTMT230100UVManufacturedProduct.class
org/hl7/v3/CentralSalish.class
org/hl7/v3/COCTMT490000UV04Product.class
org/hl7/v3/COCTMT530000UVProduct2.class
org/hl7/v3/SouthernNumic.class
org/openhim/mediator/orchestration/ProvideAndRegisterOrchestrationActor$FacilityIdentifierMapping.class
org/hl7/v3/EntityNameSearchUse.class
org/hl7/v3/ActClassROI.class
org/hl7/v3/COCTMT510000UV06EligibilityStatusObservation.class
org/hl7/v3/QueryRequestLimit.class
org/hl7/v3/XEncounterAdmissionUrgency.class
org/hl7/v3/PRPAMT201302UV02PatientId.class
org/hl7/v3/TherapeuticProductDetectedIssueCode.class
org/hl7/v3/XActMoodDefEvnRqo.class
org/hl7/v3/COCTMT820000UVHealthCareProvider.class
org/hl7/v3/VaccineManufacturer.class
org/hl7/v3/COCTMT080000UVSubject4.class
org/hl7/v3/DocumentStorageActive.class
org/hl7/v3/MFMIMT700701UV01Author2.class
org/hl7/v3/EN.class
org/hl7/v3/ObservationLivingDependencyValue.class
org/hl7/v3/REAL.class
org/hl7/v3/DataTypeInstanceIdentifier.class
org/openhim/mediator/normalization/XDSbMimeProcessorActor$UnprocessableContentFound.class
org/hl7/v3/IntegrityCheckAlgorithm.class
org/hl7/v3/COCTMT290000UV06Device.class
org/hl7/v3/COCTMT080000UVSpecimenStub.class
org/hl7/v3/COCTMT530000UVSubstanceAdministration.class
org/hl7/v3/ScalpRoute.class
org/hl7/v3/LocalRemoteControlState.class
oasis/names/tc/ebxml_regrep/xsd/lcm/_3/RemoveObjectsRequest.class
org/hl7/v3/AdxpDelimiter.class
org/hl7/v3/UnorderedListStyle.class
org/hl7/v3/Wintuan.class
org/hl7/v3/COCTMT090100UV01AssignedPerson.class
org/hl7/v3/XClinicalStatementProcedureMood.class
org/hl7/v3/PN.class
org/hl7/v3/HL7ITSVersionCode.class
org/hl7/v3/SXCMPPDTS.class
org/hl7/v3/PRPAIN201302UV02MFMIMT700701UV01Subject2.class
org/hl7/v3/DataTypeParametricProbabilityDistribution.class
org/hl7/v3/InuitInupiaq.class
org/hl7/v3/COCTMT490000UV04Destination.class
org/hl7/v3/CentralNumic.class
oasis/names/tc/ebxml_regrep/xsd/query/_3/InternationalStringBranchType.class
org/hl7/v3/ObservationLivingExpenseValue.class
org/hl7/v3/PRPAMT201302UV02PatientPatientPersonUpdateMode.class
org/hl7/v3/CervicalRoute.class
org/hl7/v3/MDFSubjectAreaPrefix.class
org/hl7/v3/PRPAMT201303UV02Employee.class
org/hl7/v3/IntrabronchialRoute.class
org/hl7/v3/ObjectFactory.class
org/hl7/v3/COCTMT530000UVAdministerableMaterial.class
org/hl7/v3/RoleClassInactiveIngredient.class
org/hl7/v3/COCTMT150002UV01Organization.class
org/hl7/v3/SubcutaneousRoute.class
org/hl7/v3/COCTMT310000UV04PertinentInformation2.class
org/hl7/v3/COCTMT260003UVManagement.class
org/hl7/v3/IntravitrealRoute.class
oasis/names/tc/ebxml_regrep/xsd/query/_3/OrganizationQueryType.class
org/hl7/v3/ActDietCode.class
org/hl7/v3/VerificationMethod.class
org/hl7/v3/IntracaudalRoute.class
org/hl7/v3/COCTMT030000UV04Guardian.class
org/hl7/v3/Sequencing.class
org/hl7/v3/COCTMT090003UV01Device.class
org/hl7/v3/InactiveEditStatus.class
org/hl7/v3/COCTMT150000UV02ContactParty.class
org/hl7/v3/COCTMT490000UV04BillableClinicalProduct.class
org/hl7/v3/ObservationInterpretationNormalityLow.class
org/hl7/v3/COCTMT290000UV06BillableClinicalService.class
org/hl7/v3/AdxpUnitID.class
org/hl7/v3/COCTMT090003UV01AssignedEntity.class
org/hl7/v3/XRoleClassCoverageInvoice.class
org/hl7/v3/ActClassPublicHealthCase.class
org/hl7/v3/SXCMPPDPQ.class
org/hl7/v3/COCTMT740000UV04ResponsibleParty.class
org/hl7/v3/SupernumeraryTooth.class
org/hl7/v3/ED.class
org/hl7/v3/NonRigidContainerEntityType.class
org/hl7/v3/COCTMT490000UV04Consultant.class
org/hl7/v3/DataTypeNonParametricProbabilityDistribution.class
org/hl7/v3/TracheostomyRoute.class
org/hl7/v3/MedOncClinPracticeSetting.class
org/hl7/v3/IntraductalRoute.class
org/hl7/v3/WesternApachean.class
org/hl7/v3/PRPAMT201302UV02MemberId.class
org/hl7/v3/Transdermal.class
org/hl7/v3/XRoleClassPayeePolicyRelationship.class
org/hl7/v3/JejunumRoute.class
org/hl7/v3/Abenakian.class
org/hl7/v3/PersonNamePartMiscQualifier.class
org/hl7/v3/OromucosalRoute.class
org/hl7/v3/BuccalTablet.class
org/hl7/v3/ConceptGenerality.class
org/hl7/v3/PastSubset.class
org/hl7/v3/COCTMT080000UVSubject3.class
org/hl7/v3/Shasta.class
org/hl7/v3/ParameterizedDataTypeSequence.class
org/hl7/v3/UnitOfMeasureAtomBaseUnitInsens.class
oasis/names/tc/ebxml_regrep/xsd/query/_3/ObjectFactory.class
org/hl7/v3/COCTMT490000UV04HealthCareProvider.class
org/hl7/v3/XActMoodRequestEvent.class
org/hl7/v3/COCTMT670000UV04GuarantorOrganization.class
org/hl7/v3/DataTypeEventRelatedInterval.class
org/hl7/v3/COCTMT090100UV01LicensedEntity.class
org/hl7/v3/IVLPPDPQ.class
oasis/names/tc/ebxml_regrep/xsd/query/_3/AssociationQueryType.class
org/hl7/v3/GTSAbbreviationHolidaysUSNational.class
org/hl7/v3/PRPAMT201302UV02Citizen.class
org/hl7/v3/COCTMT290000UV06Product2.class
org/hl7/v3/COCTMT530000UVProduct1.class
org/hl7/v3/ActConsentInformationAccessOverrideReason.class
org/hl7/v3/RejectedEditStatus.class
oasis/names/tc/ebxml_regrep/xsd/rim/_3/ObjectRefType.class
org/hl7/v3/COCTMT030007UVMember.class
org/hl7/v3/AdxpAdditionalLocator.class
org/hl7/v3/ParameterizedDataTypeUncertainValueProbabilistic.class
org/hl7/v3/COCTMT140007UVDevice.class
org/hl7/v3/IntratrachealRoute.class
org/hl7/v3/COCTMT310000UV04PertinentInformation3.class
org/hl7/v3/COCTMT510000UV06Limitation3.class
org/hl7/v3/QualitySpecimenRoleType.class
org/hl7/v3/DataTypeNonParametricProbabilityDistributionOfIntervalOfPhysicalQuantities.class
org/hl7/v3/COCTMT030000UV04NonPersonLivingSubject.class
org/hl7/v3/MCCIMT000200UV01Device.class
org/hl7/v3/COCTMT510000UV06Subject3.class
org/hl7/v3/COCTMT820000UVPerformer.class
org/hl7/v3/PerinealRoute.class
org/hl7/v3/COCTMT300000UV04Subject.class
org/hl7/v3/COCTMT740000UV04Referral.class
org/hl7/v3/COCTMT530000UVAct.class
org/hl7/v3/MCCIMT000100UV01Sender.class
org/hl7/v3/COCTMT230100UVSubject25.class
org/hl7/v3/ActClassClinicalDocument.class
org/hl7/v3/InvoiceElementSubmitted.class
org/hl7/v3/COCTMT600000UV06Destination.class
org/hl7/v3/ParticipationVerifier.class
org/hl7/v3/Diegueno.class
org/hl7/v3/COCTMT530000UVMaterial.class
org/hl7/v3/IntracardiacInjection.class
org/hl7/v3/UreteralRoute.class
org/hl7/v3/SuppositoryRoute.class
org/hl7/v3/COCTMT290000UV06ResponsibleParty.class
oasis/names/tc/ebxml_regrep/xsd/rim/_3/TelephoneNumberListType.class
org/hl7/v3/COCTMT030007UVGuardian.class
org/openhim/mediator/orchestration/ProvideAndRegisterOrchestrationActor.class
org/hl7/v3/XActMoodIntentEvent.class
org/hl7/v3/ActTaskRiskAssessmentInstrumentCode.class
org/hl7/v3/MCAIMT900001UV01ActOrderRequired.class
org/hl7/v3/TimingDetectedIssueCode.class
org/hl7/v3/XActRelationshipExternalReference.class
org/openhim/mediator/Util.class
oasis/names/tc/ebxml_regrep/xsd/rs/_3/RegistryResponseType.class
org/hl7/v3/PRPAMT201302UV02PatientStatusCodeUpdateMode.class
org/hl7/v3/RepetitionsOutOfRange.class
org/openhim/mediator/normalization/ParseProvideAndRegisterRequestActor.class
org/hl7/v3/COCTMT960000UV05Author.class
org/hl7/v3/IntraarticularRoute.class
org/hl7/v3/CentralMuskogean.class
org/hl7/v3/XEntityClassDocumentReceiving.class
org/hl7/v3/COCTMT310000UV04AccomodationSupplied.class
org/hl7/v3/ActExposureCode.class
org/hl7/v3/COCTMT510000UV06Author2.class
org/hl7/v3/ActClassPosition.class
oasis/names/tc/ebxml_regrep/xsd/query/_3/BooleanFilterType.class
org/hl7/v3/ActConditionList.class
org/hl7/v3/COCTMT810000UVVerificationRequest.class
org/hl7/v3/Charset.class
org/hl7/v3/COCTMT080000UVAutomationSpecimenObservationEvent.class
org/hl7/v3/DataTypeHistoricalAddress.class
org/hl7/v3/COCTMT510000UV06CoverageDefinition.class
org/hl7/v3/COCTMT530000UVPlace.class
org/hl7/v3/COCTMT290000UV06Author.class
org/hl7/v3/XActClassCareProvisionEncounter.class
org/hl7/v3/GrandChild.class
org/hl7/v3/TranstrachealRoute.class
org/hl7/v3/ParticipationModeElectronicData.class
org/hl7/v3/MdfHmdMetSourceType.class
org/hl7/v3/COCTMT230100UVSuperContent.class
org/hl7/v3/XParticipationAuthorPerformer.class
org/hl7/v3/QueryResponse.class
org/hl7/v3/COCTMT530000UVRelatedEntity.class
org/hl7/v3/COCTMT300000UV04ManufacturedProduct.class
org/hl7/v3/IVLREAL.class
org/hl7/v3/ManagedParticipationStatusNormal.class
org/hl7/v3/DoseDurationHighDetectedIssueCode.class
org/hl7/v3/MaterialEntityAdditive.class
org/hl7/v3/MFMIMT700701UV01Subject4.class
org/hl7/v3/BN.class
oasis/names/tc/ebxml_regrep/xsd/query/_3/BranchType.class
org/hl7/v3/PRPAMT201302UV02NonPersonLivingSubject.class
org/hl7/v3/XPhysicalVerbalParticipationMode.class
oasis/names/tc/ebxml_regrep/xsd/rim/_3/ObjectFactory.class
org/hl7/v3/OrthoClinPracticeSetting.class
org/hl7/v3/COCTMT030007UVLanguageCommunication.class
org/hl7/v3/COCTMT740000UV04OralHealthService.class
org/hl7/v3/COCTMT290000UV06Reason.class
org/hl7/v3/IntraovarianRoute.class
org/hl7/v3/COCTMT230100UVSubject22.class
org/hl7/v3/PharmacySupplyRequestRenewalRefusalReasonCode.class
org/hl7/v3/RoleClassInvestigationSubject.class
org/hl7/v3/COCTMT810000UVPerformer.class
org/hl7/v3/COCTMT230100UVMedication.class
org/hl7/v3/IVXBINT.class
org/hl7/v3/InteriorSalish.class
org/hl7/v3/COCTMT510000UV06DirectAuthorityOver3.class
org/hl7/v3/NameRepresentationUse.class
oasis/names/tc/ebxml_regrep/xsd/rim/_3/ExternalLinkType.class
org/hl7/v3/COCTMT290000UV06Author2.class
org/hl7/v3/EasternApachean.class
org/hl7/v3/MCCIMT000200UV01Place.class
org/hl7/v3/PRPAIN201302UV02MFMIMT700701UV01ControlActProcess.class
org/hl7/v3/COCTMT710007UVPlace.class
org/hl7/v3/COCTMT260003UVManufacturedMaterialKind.class
org/hl7/v3/COCTMT810000UVPrimaryPerformer.class
org/hl7/v3/ObservationIncomeValue.class
org/hl7/v3/ResponseMode.class
org/hl7/v3/DataTypeUncertainProbabilisticConceptDescriptor.class
org/hl7/v3/MedicationObservationType.class
org/hl7/v3/ActCredentialedCareProvisionPersonCode.class
org/hl7/v3/ContextControlOverriding.class
org/hl7/v3/FamilyMemberUncle.class
org/hl7/v3/MdfRmimRowType.class
org/hl7/v3/EpiduralRoute.class
org/hl7/v3/COCTMT740000UV04ProviderPerson.class
org/hl7/v3/EntityClassPlace.class
org/hl7/v3/HXITCE.class
org/hl7/v3/MCCIMT000200UV01Receiver.class
org/hl7/v3/COCTMT230100UVCharacteristic.class
org/hl7/v3/StepSibling.class
org/hl7/v3/ActInvoiceDetailGenericAdjudicatorCode.class
org/hl7/v3/COCTMT530000UVActDefinition.class
org/openhim/mediator/messages/ParsedRegistryStoredQuery.class
org/hl7/v3/SetOperator.class
org/hl7/v3/COCTMT080000UVManufactured.class
org/hl7/v3/EnPrefix.class
org/hl7/v3/SXPRTS.class
org/hl7/v3/TimingEvent.class
org/hl7/v3/ParameterizedDataTypeInterval.class
org/hl7/v3/PeriodontalRoute.class
org/hl7/v3/COCTMT150003UV03Organization.class
org/hl7/v3/COCTMT090000UV01Group.class
org/hl7/v3/IntramedullaryRoute.class
org/hl7/v3/COCTMT260003UVSubject.class
org/hl7/v3/ActCoverageMaximaCodes.class
org/hl7/v3/COCTMT230100UVCountry.class
org/hl7/v3/HXITPQ.class
org/hl7/v3/PRPAMT201303UV02CoveredParty.class
org/hl7/v3/ActAdjudicationResultActionCode.class
org/hl7/v3/Tiwa.class
org/openhim/mediator/denormalization/CSDRequestActor.class
org/hl7/v3/InvoiceElementAdjudicated.class
org/hl7/v3/DocumentCompletion.class
org/hl7/v3/DataTypeHistoryOfAddress.class
org/hl7/v3/XActRelationshipEntry.class
org/hl7/v3/PersonNamePartChangeQualifier.class
org/hl7/v3/RetrobulbarRoute.class
org/hl7/v3/RoleClassIsSpeciesEntity.class
org/hl7/v3/Homeless.class
org/hl7/v3/COCTMT300000UV04SubstanceAdministrationIntent.class
org/hl7/v3/COCTMT090002UV01Organization.class
org/hl7/v3/XActMoodEvnOrdPrmsPrp.class
oasis/names/tc/ebxml_regrep/xsd/rim/_3/SlotType1.class
org/hl7/v3/COCTMT090300UV01AssignedDevice.class
org/hl7/v3/RefillTrialBalancePharmacySupplyType.class
org/hl7/v3/CodeIsNotValid.class
org/hl7/v3/BL.class
org/hl7/v3/AdxpBuildingNumberSuffix.class
org/hl7/v3/ActTaskClinicalNoteEntryCode.class
org/hl7/v3/DataTypePointInTime.class
org/hl7/v3/SinusUnspecifiedRoute.class
org/hl7/v3/MCCIMT000100UV01Agent.class
org/hl7/v3/PRPAMT201301UV02ContactParty.class
org/hl7/v3/SuppositoryDrugForm.class
org/hl7/v3/DataTypeCodedSimpleValue.class
org/hl7/v3/XClinicalStatementObservationMood.class
org/hl7/v3/MedicationOrderReleaseReasonCode.class
oasis/names/tc/ebxml_regrep/xsd/query/_3/ExtrinsicObjectQueryType.class
org/hl7/v3/ConceptStatus.class
org/hl7/v3/Dissolve.class
ihe/iti/xds_b/_2007/package-info.class
org/hl7/v3/PRPAMT201301UV02Student.class
org/hl7/v3/AdxpCity.class
org/hl7/v3/COCTMT290000UV06AssignedEntity.class
org/hl7/v3/ParticipationAncillary.class
org/hl7/v3/AdxpUnitType.class
org/hl7/v3/ActRelationshipPosting.class
org/hl7/v3/BXITCD.class
org/hl7/v3/CalendarType.class
org/hl7/v3/OralInhalation.class
org/hl7/v3/COCTMT080000UVIdentifiedHolder.class
org/hl7/v3/PRPAMT201302UV02PatientIdUpdateMode.class
org/hl7/v3/AskedButUnknown.class
org/hl7/v3/TransmucosalRoute.class
org/hl7/v3/HairRoute.class
ihe/iti/atna/EventIdentificationType.class
org/hl7/v3/COCTMT030007UVEntity.class
org/hl7/v3/MCAIMT900001UV01Requires.class
org/hl7/v3/COCTMT260003UVSeverityObservation.class
org/hl7/v3/COCTMT230100UVRelatedManufacturer.class
org/hl7/v3/LivingSubjectProductionClass.class
org/hl7/v3/DataTypeIntegerNumber.class
org/openhim/mediator/XDSMediatorMain$1.class
org/hl7/v3/SC.class
org/hl7/v3/COCTMT030007UVEmployment.class
org/hl7/v3/COCTMT030203UV02LanguageCommunication.class
org/hl7/v3/COCTMT030007UVNonPersonLivingSubject.class
org/hl7/v3/PRPAMT201302UV02PersonalRelationshipIdUpdateMode.class
org/hl7/v3/PRPAMT201301UV02AdministrativeObservation.class
org/hl7/v3/MFMIMT700701UV01Overseer.class
org/hl7/v3/AdxpCareOf.class
org/hl7/v3/IntraosseousRoute.class
org/hl7/v3/COCTMT490000UV04WarrantorOrganization.class
org/hl7/v3/RoleClassExposureAgentCarrier.class
org/hl7/v3/ParticipationTargetSubject.class
org/hl7/v3/CaseTransmissionMode.class
org/hl7/v3/COCTMT600000UV06ManufacturedProduct.class
org/hl7/v3/COCTMT030000UV04BirthPlace.class
org/hl7/v3/EntityClassNonPersonLivingSubject.class
org/hl7/v3/PRPAMT201301UV02PatientOfOtherProvider.class
org/hl7/v3/WeightAlert.class
oasis/names/tc/ebxml_regrep/xsd/rim/_3/PostalAddressType.class
org/hl7/v3/COCTMT600000UV06ProviderPerson.class
org/hl7/v3/AmnioticFluidSacRoute.class
org/hl7/v3/CecostomyRoute.class
org/hl7/v3/PRPAMT201302UV02PersonId.class
org/openhim/mediator/denormalization/RegistryResponseError$RegistryError.class
oasis/names/tc/ebxml_regrep/xsd/rim/_3/IdentifiableType.class
org/hl7/v3/COCTMT280000UV04CrossReference.class
org/hl7/v3/WesternMiwok.class
org/hl7/v3/ActSpecObsVolumeCode.class
org/hl7/v3/DataTypePersonNamePart.class
org/hl7/v3/OtherIndicationValue.class
org/hl7/v3/RealmOfUse.class
org/hl7/v3/DataTypeNonParametricProbabilityDistributionOfConceptDescriptor.class
org/hl7/v3/GenitourinaryRoute.class
org/hl7/v3/COCTMT260003UVDefinition.class
org/hl7/v3/COCTMT090303UV01Device.class
org/hl7/v3/MucosalAbsorptionRoute.class
org/openhim/mediator/datatypes/Identifier.class
oasis/names/tc/ebxml_regrep/xsd/rim/_3/TelephoneNumberType.class
org/hl7/v3/ExtendedReleaseSuspension.class
org/hl7/v3/XVeryBasicConfidentialityKind.class
org/hl7/v3/PRPAMT201302UV02StudentIdUpdateMode.class
org/hl7/v3/ActRelationshipFulfills.class
org/hl7/v3/COCTMT290000UV06ManufacturedProduct.class
org/hl7/v3/XActReplaceOrRevise.class
org/hl7/v3/COCTMT530000UVSupply.class
org/hl7/v3/ExtendedReleaseTablet.class
org/hl7/v3/EndocrinologyClinic.class
org/hl7/v3/UVPTS.class
org/hl7/v3/COCTMT510000UV06Precondition.class
org/hl7/v3/MCAIMT900001UV01DetectedIssueManagement.class
org/hl7/v3/COCTMT080000UVSpecimenAlternateIdentifier.class
org/hl7/v3/ClinicalResearchEventReason.class
org/hl7/v3/ExposureMode.class
org/hl7/v3/PRPAIN201304UV02MFMIMT700701UV01Subject2.class
org/hl7/v3/IntraepithelialRoute.class
org/hl7/v3/COCTMT300000UV04Location.class
org/hl7/v3/COCTMT740000UV04HealthCareProvider.class
org/hl7/v3/COCTMT530000UVPerson.class
oasis/names/tc/ebxml_regrep/xsd/rim/_3/SlotListType.class
org/hl7/v3/WesternMuskogean.class
org/hl7/v3/MCCIMT000200UV01AcknowledgementDetail.class
org/hl7/v3/IVLINT.class
org/hl7/v3/AerosolDrugForm.class
org/hl7/v3/ResearchSubjectRoleBasis.class
org/hl7/v3/VerificationOutcomeValue.class
org/hl7/v3/MFMIMT700701UV01PriorRegistration.class
org/hl7/v3/TransdermalPatch.class
org/hl7/v3/PRPAMT201302UV02Member.class
org/hl7/v3/RectalInstillation.class
org/hl7/v3/XActFinancialProductAcquisitionCode.class
org/hl7/v3/COCTMT090002UV01AssignedEntity.class
org/hl7/v3/PRPAIN201304UV02MFMIMT700701UV01Subject1.class
org/hl7/v3/COCTMT530000UVMaterialKind2.class
org/hl7/v3/COCTMT510000UV06PolicyOrProgram.class
ihe/iti/atna/ActiveParticipantType.class
org/hl7/v3/ObservationInterpretationNormalityAlert.class
oasis/names/tc/ebxml_regrep/xsd/query/_3/PersonQueryType.class
org/hl7/v3/COCTMT510000UV06PreviousPolicyOrProgram.class
org/hl7/v3/EquipmentAlertLevel.class
org/hl7/v3/MCCIMT000100UV01Place.class
org/hl7/v3/DataTypeSetOfCodedSimpleValue.class
org/hl7/v3/PRPAMT201302UV02Employee.class
org/hl7/v3/TopicalPowder.class
org/hl7/v3/ActInformationAccess.class
org/hl7/v3/ResponseModality.class
org/hl7/v3/IVXBPQ.class
org/hl7/v3/ActClassSupine.class
org/hl7/v3/IntracavitaryRoute.class
org/hl7/v3/AcknowledgementCondition.class
org/hl7/v3/Chew.class
org/hl7/v3/MCCIMT000200UV01Message.class
org/hl7/v3/PRPAMT201302UV02PatientPatientNonPersonLivingSubjectUpdateMode.class
org/hl7/v3/DataTypeBagOfConceptDescriptors.class
org/hl7/v3/COCTMT740000UV04Performer.class
org/hl7/v3/Ritwan.class
org/hl7/v3/ObservationInterpretationNormalityHigh.class
org/hl7/v3/RoleClassDistributedMaterial.class
org/hl7/v3/COCTMT500000UV04PolicyHolderPerson.class
org/hl7/v3/ActRelationshipCheckpoint.class
org/hl7/v3/XDocumentEncounterMood.class
oasis/names/tc/ebxml_regrep/xsd/rim/_3/ValueListType.class
org/hl7/v3/COCTMT230100UVSubject1.class
org/hl7/v3/MCCIMT000200UV01Acknowledgement.class
org/hl7/v3/KitEntityType.class
oasis/names/tc/ebxml_regrep/xsd/query/_3/AdhocQueryQueryType.class
org/hl7/v3/ActInsurancePolicyCodeSubsidizedHealthProgramByBOT.class
org/hl7/v3/COCTMT080000UVNonPersonLivingSubject.class
org/hl7/v3/COCTMT300000UV04SupplyEvent.class
org/hl7/v3/XActEncounterReason.class
org/hl7/v3/COCTMT230100UVSubject15.class
org/openhim/mediator/orchestration/ProvideAndRegisterOrchestrationActor$DocumentNode.class
org/hl7/v3/COCTMT150007UVOrganization.class
org/hl7/v3/PRPAMT201302UV02OtherIDsIdUpdateMode.class
org/hl7/v3/SLISTPQ.class
org/hl7/v3/ActClassSupply.class
org/hl7/v3/ActRelationshipHasComponent.class
org/openhim/mediator/orchestration/RepositoryActor.class
org/hl7/v3/TEL.class
org/hl7/v3/SponsorParticipationFunction.class
org/hl7/v3/PRPAMT201303UV02NonPersonLivingSubject.class
oasis/names/tc/ebxml_regrep/xsd/query/_3/UserQueryType.class
org/hl7/v3/CardClinPracticeSetting.class
org/hl7/v3/EncounterAdmissionSource.class
org/hl7/v3/PRPAMT201302UV02CoveredParty.class
org/hl7/v3/COCTMT510000UV06ServiceDefinition.class
org/hl7/v3/COCTMT090100UV01Person.class
org/hl7/v3/COCTMT510000UV06Sponsor.class
org/hl7/v3/CoverageSponsorRoleType.class
org/hl7/v3/XDocumentEntrySubject.class
org/hl7/v3/COCTMT510000UV06CoverageChargePolicy.class
org/hl7/v3/HL7StandardVersionCode.class
org/hl7/v3/COCTMT490000UV04ProviderPerson.class
org/hl7/v3/COCTMT490000UV04ManufacturedMaterial.class
org/hl7/v3/PRPAMT201303UV02Subject2.class
org/hl7/v3/AdxpDeliveryModeIdentifier.class
org/hl7/v3/TransmissionRelationshipTypeCode.class
org/hl7/v3/NameLegalUse.class
org/hl7/v3/Keresan.class
org/hl7/v3/IntramuscularInjection.class
org/hl7/v3/AdxpDirection.class
org/hl7/v3/AdxpPrecinct.class
org/hl7/v3/COCTMT050000UV01Patient.class
org/hl7/v3/IntraluminalRoute.class
org/hl7/v3/TS.class
org/hl7/v3/PowerOfAttorney.class
org/hl7/v3/TransferActReason.class
org/hl7/v3/PRPAMT201303UV02Citizen.class
org/hl7/v3/GLISTPQ.class
org/openhim/mediator/normalization/XDSbMimeProcessorActor$NoPreviousMimeMessage.class
org/hl7/v3/COCTMT290000UV06NonPersonLivingSubject.class
oasis/names/tc/ebxml_regrep/xsd/rim/_3/package-info.class
oasis/names/tc/ebxml_regrep/xsd/rim/_3/SubscriptionType.class
org/hl7/v3/COCTMT030007UVStudent.class
org/hl7/v3/COCTMT960000UV05Device1.class
org/hl7/v3/COCTMT230100UVApproval.class
org/hl7/v3/PRPAMT201303UV02Nation.class
org/hl7/v3/BIN.class
org/hl7/v3/MCCIMT000100UV01Receiver.class
org/hl7/v3/DataTypeUncertainNarrativeConceptDescriptor.class
org/hl7/v3/ObservationDiagnosisTypes.class
org/hl7/v3/AlgorithmicDecisionObservationMethod.class
org/hl7/v3/ActRelationshipTemporallyPertains.class
org/hl7/v3/PrivateResidence.class
oasis/names/tc/ebxml_regrep/xsd/rs/_3/ObjectFactory.class
org/hl7/v3/COCTMT030000UV04LanguageCommunication.class
org/hl7/v3/ActMedicalServiceCode.class
org/hl7/v3/COCTMT080000UVAdditiveMaterial.class
org/hl7/v3/XActRelationshipRelatedAuthorizations.class
org/hl7/v3/XParticipationEntVrf.class
org/hl7/v3/RelationshipConjunction.class
org/hl7/v3/ActSpecimenTreatmentCode.class
org/hl7/v3/COCTMT080000UVAdditive.class
ihe/iti/xds_b/_2007/ObjectFactory.class
oasis/names/tc/ebxml_regrep/xsd/rim/_3/ServiceType.class
org/hl7/v3/IntracisternalRoute.class
org/hl7/v3/CreditCard.class
org/hl7/v3/LacrimalPunctaRoute.class
org/hl7/v3/COCTMT230100UVSpecializedKind.class
org/hl7/v3/Diffusion.class
org/hl7/v3/ReactionDetectedIssueCode.class
oasis/names/tc/ebxml_regrep/xsd/query/_3/SubscriptionQueryType.class
org/hl7/v3/IssueFilterCode.class
org/hl7/v3/CodeSystemType.class
org/hl7/v3/PPDPQ.class
org/hl7/v3/ActMoodCriterion.class
org/hl7/v3/PRPAMT201302UV02Patient.class
org/hl7/v3/River.class
org/hl7/v3/ActPriorityCallback.class
org/hl7/v3/ObservationInterpretationOustsideThreshold.class
oasis/names/tc/ebxml_regrep/xsd/rim/_3/EmailAddressType.class
org/hl7/v3/EducationLevel.class
org/hl7/v3/MDFAttributeType.class
org/hl7/v3/InvoiceElementPaid.class
org/hl7/v3/InclusionNotRequired.class
org/openhim/mediator/ATNAUtil.class
org/hl7/v3/MCCIMT000200UV01EntityRsp.class
org/hl7/v3/IntratumorRoute.class
org/hl7/v3/PRPAMT201301UV02Member.class
org/hl7/v3/AdxpStreetNameType.class
org/hl7/v3/ValueSetPropertyId.class
org/hl7/v3/NonDrugAgentEntity.class
org/hl7/v3/COCTMT710000UV01LocatedEntityPartOf.class
org/hl7/v3/AD.class
org/hl7/v3/StepParent.class
org/hl7/v3/IntracavernosalRoute.class
oasis/names/tc/ebxml_regrep/xsd/lcm/_3/RelocateObjectsRequest.class
oasis/names/tc/ebxml_regrep/xsd/rim/_3/InternationalStringType.class
org/hl7/v3/COCTMT290000UV06HealthCareProvider.class
org/hl7/v3/COCTMT530000UVLocation.class
org/hl7/v3/VaginalGel.class
org/hl7/v3/COCTMT040008UVResponsible.class
oasis/names/tc/ebxml_regrep/xsd/lcm/_3/AcceptObjectsRequest.class
org/hl7/v3/RoleClassIngredientEntityActiveIngredientByBOT.class
org/hl7/v3/PersonNameUseLegalByBOT.class
org/hl7/v3/COCTMT530000UVSubject2.class
org/hl7/v3/EnFamily.class
org/hl7/v3/ActRelationshipHasSupport.class
org/hl7/v3/COCTMT600000UV06PertinentInformation1.class
org/hl7/v3/IntratesticularRoute.class
org/hl7/v3/COCTMT290000UV06Origin.class
org/hl7/v3/COCTMT030000UV04Person.class
org/hl7/v3/CVDiagTherPracticeSetting.class
org/hl7/v3/ProcessingMode.class
org/hl7/v3/CO.class
org/hl7/v3/IntratympanicRoute.class
org/hl7/v3/ImageMediaType.class
org/hl7/v3/IntrapericardialRoute.class
oasis/names/tc/ebxml_regrep/xsd/query/_3/RegistryQueryType.class
org/hl7/v3/BiliaryRoute.class
oasis/names/tc/ebxml_regrep/xsd/rim/_3/ObjectRefListType.class
org/hl7/v3/AcknowledgementDetailSyntaxErrorCode.class
org/hl7/v3/COCTMT090300UV01RoleOther.class
org/hl7/v3/package-info.class
org/hl7/v3/ActNoImmunizationReason.class
org/hl7/v3/COCTMT500000UV04Holder.class
org/hl7/v3/COCTMT530000UVSourceOf3.class
org/hl7/v3/COCTMT080000UVSubject1.class
org/hl7/v3/PRPAMT201301UV02CoveredParty.class
oasis/names/tc/ebxml_regrep/xsd/rs/_3/package-info.class
org/hl7/v3/CoverageEligibilityReason.class
org/openhim/mediator/denormalization/ATNAAuditingActor$2.class
org/hl7/v3/SubconjunctivalRoute.class
org/hl7/v3/COCTMT230100UVDistributedProduct.class
org/hl7/v3/COCTMT600000UV06PrescriptionOrder.class
org/hl7/v3/ActPaymentCode.class
org/hl7/v3/IntracoronaryInjection.class
org/hl7/v3/DataTypeCodedWithEquivalents.class
oasis/names/tc/ebxml_regrep/xsd/rim/_3/ExtrinsicObjectType.class
org/hl7/v3/PRPAMT201303UV02BirthPlace.class
org/hl7/v3/PersonNameUsePseudonym.class
org/hl7/v3/SubstanceAdminSubstitutionNotAllowedReason.class
org/openhim/mediator/messages/ResolveFacilityIdentifier.class
oasis/names/tc/ebxml_regrep/xsd/query/_3/FilterType.class
org/hl7/v3/COCTMT960000UV05PositionCoordinate.class
org/hl7/v3/COCTMT510000UV06Person.class
org/hl7/v3/COCTMT510000UV06Definition.class
org/hl7/v3/COCTMT090300UV01Member.class
org/hl7/v3/PPDTS.class
org/hl7/v3/MFMIMT700701UV01Reason.class
org/hl7/v3/OralSolution.class
org/hl7/v3/COCTMT300000UV04Reason.class
org/hl7/v3/COCTMT290000UV06Reason5.class
org/hl7/v3/ActRelationshipCostTracking.class
org/hl7/v3/AdxpCountry.class
oasis/names/tc/ebxml_regrep/xsd/query/_3/IntegerFilterType.class
org/hl7/v3/BinaryDataEncoding.class
org/hl7/v3/InhalantDrugForm.class
org/hl7/v3/FamilyMemberAunt.class
org/hl7/v3/IVXBTS.class
org/hl7/v3/XRoleClassCredentialedEntity.class
org/hl7/v3/AdditionalLocator.class
org/hl7/v3/EntityDeterminerDetermined.class
org/hl7/v3/DataTypeTelecommunicationAddress.class
org/hl7/v3/TableRuleStyle.class
org/hl7/v3/MCCIMT000100UV01RespondTo.class
org/hl7/v3/LingualRoute.class
org/hl7/v3/PasteDrugForm.class
org/hl7/v3/EntityHandling.class
org/openhim/mediator/datatypes/AssigningAuthority.class
org/hl7/v3/ActRelationshipJoin.class
org/hl7/v3/ST.class
org/hl7/v3/COCTMT030007UVGuarantor.class
org/hl7/v3/PRPAMT201302UV02NonPersonLivingSubjectIdUpdateMode.class
org/hl7/v3/COCTMT080000UVActRef.class
org/hl7/v3/MFMIMT700701UV01InformationRecipient.class
org/hl7/v3/PRPAIN201304UV02.class
org/hl7/v3/UpperChinook.class
org/hl7/v3/MilitaryHospital.class
org/hl7/v3/SublesionalRoute.class
org/hl7/v3/COCTMT300000UV04PrescriberRole.class
org/hl7/v3/COCTMT080000UVAdditive2.class
org/hl7/v3/Chimakuan.class
org/hl7/v3/XClinicalStatementActMood.class
org/hl7/v3/ActMoodProposal.class
org/hl7/v3/ActInvoiceDetailGenericProviderCode.class
org/hl7/v3/Tsimshianic.class
org/hl7/v3/TN.class
org/hl7/v3/ProbabilityDistributionType.class
org/hl7/v3/COCTMT310000UV04MedicalService.class
org/hl7/v3/AutomobileInsurancePolicy.class
org/hl7/v3/LanguageAbilityMode.class
org/hl7/v3/ActRelationshipSplit.class
org/hl7/v3/PRPAIN201304UV02MFMIMT700701UV01RegistrationEvent.class
org/hl7/v3/COCTMT260003UVDetectedMedicationIssue.class
ihe/iti/xds_b/_2007/DocumentRegistryPortType.class
org/hl7/v3/IrrigationSolution.class
org/hl7/v3/PRPAMT201302UV02EmployeeIdUpdateMode.class
org/hl7/v3/ActClassControlAct.class
org/hl7/v3/PIVLTS.class
org/hl7/v3/MCCIMT000200UV01Organization.class
org/hl7/v3/PRPAIN201301UV02MCCIMT000100UV01Message.class
org/hl7/v3/ConrolActNullificationReasonCode.class
org/hl7/v3/ActInformationCategoryCode.class
org/hl7/v3/COCTMT670000UV04GuarantorRole.class
org/hl7/v3/COCTMT080000UVProcessStep.class
org/hl7/v3/RTOPQPQ.class
org/hl7/v3/SeverityObservation.class
org/hl7/v3/MCAIMT900001UV01DetectedIssueEvent.class
org/hl7/v3/XParticipationPrfEntVrf.class
org/hl7/v3/PRPAMT201303UV02LanguageCommunication.class
org/hl7/v3/HL7CommitteeIDInRIM.class
org/hl7/v3/COCTMT030202UV01Birthplace.class
org/hl7/v3/COCTMT670000UV04Holder.class
org/hl7/v3/SaukFoxKickapoo.class
org/hl7/v3/IVXBPPDTS.class
org/hl7/v3/ResponseLevel.class
org/hl7/v3/SXCMTS.class
org/hl7/v3/EnGiven.class
org/hl7/v3/COCTMT080000UVSpecimenObservationEvent.class
org/hl7/v3/OticRoute.class
org/hl7/v3/COCTMT260003UVConsumable.class
org/hl7/v3/Aleut.class
oasis/names/tc/ebxml_regrep/xsd/query/_3/FederationQueryType.class
org/hl7/v3/IntravesicleRoute.class
org/hl7/v3/NaturalFather.class
org/hl7/v3/COCTMT300000UV04Performer1.class
org/hl7/v3/ROIOverlayShape.class
org/hl7/v3/COCTMT500000UV04CarrierRole.class
org/hl7/v3/SublingualRoute.class
org/hl7/v3/IntracervicalRoute.class
org/hl7/v3/AdxpCensusTract.class
org/hl7/v3/SwabDrugForm.class
org/hl7/v3/CalendarCycleOneLetter.class
org/openhim/mediator/denormalization/RegistryResponseError.class
org/hl7/v3/IntraesophagealRoute.class
org/hl7/v3/COCTMT490000UV04ManufacturedProduct.class
org/openhim/mediator/normalization/SOAPWrapper$SOAPParseException.class
org/hl7/v3/RelationalOperator.class
org/hl7/v3/PRPAMT201303UV02OtherIDs.class
org/hl7/v3/ActInpatientEncounterCode.class
org/hl7/v3/COCTMT150000UV02OrganizationContains.class
org/hl7/v3/DoseDurationLowDetectedIssueCode.class
org/hl7/v3/RoleClassEmployee.class
org/hl7/v3/COCTMT300000UV04Author.class
org/hl7/v3/ProcessingID.class
org/hl7/v3/IntraduodenalRoute.class
org/hl7/v3/IntralymphaticRoute.class
org/hl7/v3/EncounterSpecialCourtesy.class
org/hl7/v3/ParticipationPhysicalPerformer.class
org/hl7/v3/COCTMT230100UVMedicine.class
org/hl7/v3/COCTMT510000UV06PersonalRelationship.class
org/hl7/v3/ActInvoiceRootGroupCode.class
org/hl7/v3/COCTMT070000UV01LocatedEntity.class
org/hl7/v3/COCTMT510000UV06Reference2.class
org/hl7/v3/ActExposureLevelCode.class
org/hl7/v3/DataTypeOrganizationName.class
org/hl7/v3/COCTMT600000UV06SupplyEvent.class
org/hl7/v3/SouthernCaddoan.class
org/hl7/v3/PermanentDentition.class
org/hl7/v3/COCTMT030000UV04Entity.class
org/hl7/v3/ActClassFinancialContract.class
org/openhim/mediator/denormalization/EnrichRegistryStoredQueryActor.class
org/hl7/v3/UnderwriterParticipationFunction.class
org/hl7/v3/XEncounterParticipant.class
org/hl7/v3/XActRelationshipPertinentInfo.class
org/hl7/v3/EasternMiwok.class
org/hl7/v3/COCTMT290000UV06PresentingIndication.class
oasis/names/tc/ebxml_regrep/xsd/query/_3/FloatFilterType.class
org/hl7/v3/ActMedicationList.class
oasis/names/tc/ebxml_regrep/xsd/rim/_3/OrganizationType.class
org/hl7/v3/IntrasternalRoute.class
org/hl7/v3/Tsamosan.class
org/hl7/v3/PRPAMT201302UV02GuardianId.class
org/hl7/v3/PatientProfileQueryReasonCode.class
org/hl7/v3/PersonNamePartAffixTypes.class
org/hl7/v3/PRPAMT201302UV02Guardian.class
org/hl7/v3/Enema.class
org/hl7/v3/ParticipationTargetLocation.class
org/hl7/v3/Loan.class
org/hl7/v3/ActFinancialTransactionCode.class
oasis/names/tc/ebxml_regrep/xsd/query/_3/ServiceBindingQueryType.class
org/hl7/v3/Currency.class
org/hl7/v3/EntityStatusNormal.class
org/hl7/v3/Nootkan.class
ihe/iti/atna/AuditSourceIdentificationType.class
org/hl7/v3/COCTMT510000UV06ResponsibleParty.class
org/hl7/v3/SXCMREAL.class
org/hl7/v3/COCTMT230100UVContent.class
org/hl7/v3/OphthalmicRoute.class
org/hl7/v3/IntraperitonealRoute.class
org/hl7/v3/COCTMT080000UVAuthorOrPerformer.class
org/hl7/v3/ActCredentialedCareProvisionProgramCode.class
org/hl7/v3/MO.class
org/hl7/v3/COCTMT060000UV01Performer.class
org/hl7/v3/DataTypePostalAndResidentialAddress.class
org/hl7/v3/XPhoneURLScheme.class
org/hl7/v3/AdministrativeContactRoleType.class
org/hl7/v3/ActTaskOrderEntryCode.class
org/hl7/v3/MemberRoleType.class
org/openhim/mediator/messages/ResolvePatientIdentifier.class
org/hl7/v3/PRPAMT201303UV02PatientOfOtherProvider.class
org/openhim/mediator/normalization/XDSbMimeProcessorActor$XDSbMimeProcessorResponse.class
org/hl7/v3/MFMIMT700701UV01Author1.class
org/hl7/v3/COCTMT030203UV02Person.class
org/hl7/v3/ObservationAssetValue.class
org/hl7/v3/COCTMT290000UV06InjuryPlace.class
oasis/names/tc/ebxml_regrep/xsd/rim/_3/SpecificationLinkType.class
org/hl7/v3/COCTMT530000UVEncounter.class
org/hl7/v3/IntrapleuralRoute.class
org/hl7/v3/MFMIMT700701UV01DataEnterer.class
org/hl7/v3/Thumbnail.class
org/hl7/v3/IntragastricRoute.class
org/hl7/v3/XAdverseEventCausalityAssessmentMethods.class
org/hl7/v3/PRPAIN201301UV02MFMIMT700701UV01Subject1.class
org/openhim/mediator/exceptions/CXParseException.class
ihe/iti/atna/ParticipantObjectIdentificationType.class
org/hl7/v3/CaliforniaAthapaskan.class
org/hl7/v3/COCTMT820000UVAssignedProvider.class
org/hl7/v3/ActTaskMicrobiologyResultsReviewCode.class
org/hl7/v3/ActInsurancePolicyCodeAutomobileByBOT.class
org/hl7/v3/Palaihnihan.class
org/hl7/v3/PRPAMT201302UV02CareGiverIdUpdateMode.class
org/hl7/v3/BuildingNumberSuffixByBOT.class
org/hl7/v3/XSubstitutionConditionNoneOrUnconditional.class
org/hl7/v3/XInformationRecipientRole.class
org/hl7/v3/NaturalChild.class
org/hl7/v3/COCTMT510000UV06Coverage2.class
org/hl7/v3/COCTMT530000UVResponsibleParty2.class
org/openhim/mediator/normalization/XDSbMimeProcessorActor$EnrichedMessage.class
org/hl7/v3/IntrauterineRoute.class
org/hl7/v3/DosageProblem.class
org/hl7/v3/ActClassGenomicObservation.class
org/hl7/v3/PRPAMT201301UV02LanguageCommunication.class
org/hl7/v3/COCTMT530000UVConsumable.class
org/hl7/v3/DataTypeBagOfPhysicalQuantities.class
org/hl7/v3/COCTMT310000UV04Location.class
org/hl7/v3/IntraduralRoute.class
org/hl7/v3/PRPAMT201301UV02Patient.class
org/hl7/v3/PartialCompletionScale.class
org/hl7/v3/XActStatusActiveComplete.class
org/hl7/v3/PQ.class
org/hl7/v3/GLISTTS.class
oasis/names/tc/ebxml_regrep/xsd/rim/_3/UserType.class
org/hl7/v3/Swish.class
org/openhim/mediator/messages/RegisterNewPatient.class
org/hl7/v3/EnDelimiter.class
org/hl7/v3/KutchinHan.class
org/hl7/v3/Tanana.class
org/hl7/v3/UnitOfMeasureAtomBaseUnitSens.class
org/hl7/v3/LaryngealRoute.class
org/hl7/v3/ActClassExposure.class
org/hl7/v3/MFMIMT700701UV01AuthorOrPerformer.class
org/hl7/v3/XOrganizationNamePartType.class
org/hl7/v3/ParameterizedDataTypePeriodicInterval.class
org/hl7/v3/SetUpdateMode.class
org/hl7/v3/XActRelationshipPatientTransport.class
org/hl7/v3/ActCoverageAuthorizationConfirmationCode.class
org/hl7/v3/COCTMT080000UVProcess.class
org/hl7/v3/COCTMT740000UV04PertinentInformation1.class
org/hl7/v3/FamilyMemberCousin.class
org/hl7/v3/ActRelationshipObjective.class
org/hl7/v3/MCCIIN000002UV01.class
org/hl7/v3/CE.class
org/hl7/v3/PRPAIN201301UV02MFMIMT700701UV01Subject2.class
org/openhim/mediator/normalization/XDSbMimeProcessorActor$MimeMessage.class
org/hl7/v3/COCTMT030000UV04Citizen.class
org/hl7/v3/PRPAMT201302UV02ContactPartyIdUpdateMode.class
org/hl7/v3/COCTMT510000UV06Definition3.class
org/hl7/v3/MaterialDangerInfectious.class
org/hl7/v3/COCTMT530000UVInformant.class
org/hl7/v3/COCTMT300000UV04PrescriberPerson.class
org/hl7/v3/COCTMT290000UV06Device2.class
org/hl7/v3/PRPAMT201302UV02EmployeeId.class
org/hl7/v3/XClinicalStatementSubstanceMood.class
org/hl7/v3/ChiwereWinnebago.class
org/hl7/v3/FirstFillPartialPharmacySupplyType.class
org/hl7/v3/PRPAMT201301UV02Guardian.class
org/hl7/v3/MobileUnit.class
org/hl7/v3/DataTypeConceptRole.class
org/hl7/v3/NebulizationInhalation.class
org/hl7/v3/EntityClassState.class
org/hl7/v3/MCCIMT000100UV01EntityRsp.class
org/hl7/v3/DataTypeCodedValue.class
org/hl7/v3/Calendar.class
org/hl7/v3/GTSAbbreviationHolidaysChristianRoman.class
org/hl7/v3/COCTMT230100UVPart.class
org/openhim/mediator/messages/BaseResolveIdentifierResponse.class
org/hl7/v3/ValueSetStatus.class
org/hl7/v3/IVLPQ.class
org/hl7/v3/Implantation.class
org/hl7/v3/ActSpecObsInterferenceCode.class
org/hl7/v3/TableCellHorizontalAlign.class
org/openhim/mediator/messages/EnrichRegistryStoredQuery.class
org/hl7/v3/Flush.class
ihe/iti/atna/CodedValueType.class
org/hl7/v3/EntityClassDevice.class
org/hl7/v3/MCAIMT900001UV01Role.class
org/hl7/v3/COCTMT510000UV06Part.class
org/hl7/v3/ParameterizedDataTypeAnnotated.class
org/hl7/v3/PRPAMT201302UV02OtherIDs.class
org/hl7/v3/COCTMT310000UV04Encounter.class
org/hl7/v3/ObsoleteEditStatus.class
org/openhim/mediator/orchestration/ProvideAndRegisterOrchestrationActor$PatientIdentifierMapping.class
org/hl7/v3/ActSpecObsDilutionCode.class
org/hl7/v3/COCTMT030207UVPerson.class
org/hl7/v3/TopicalSolution.class
org/hl7/v3/RoleClassContact.class
org/hl7/v3/SkinRoute.class
org/hl7/v3/PRPAMT201302UV02OtherIDsId.class
org/hl7/v3/XActClassDocumentEntryOrganizer.class
org/hl7/v3/PRPAMT201302UV02PatientPatientPerson.class
org/openhim/mediator/orchestration/ProvideAndRegisterOrchestrationActor$1.class
org/hl7/v3/ParticipationInformationRecipient.class
org/hl7/v3/DataTypeSetOfCodedWithEquivalents.class
org/hl7/v3/PRPAMT201302UV02NonPersonLivingSubjectId.class
org/hl7/v3/GenderStatus.class
org/hl7/v3/COCTMT600000UV06VisionPrescriptionObservationEvent.class
org/hl7/v3/COCTMT230100UVManufacturer.class
org/hl7/v3/IntratubularRoute.class
org/hl7/v3/Yokutsan.class
org/hl7/v3/URL.class
org/hl7/v3/COCTMT960000UV05Component2.class
org/hl7/v3/PRPAMT201303UV02Person.class
org/hl7/v3/PRPAMT201301UV02Subject4.class
org/hl7/v3/COCTMT090000UV01Organization.class
org/hl7/v3/XActClassCareProvisionProcedure.class
oasis/names/tc/ebxml_regrep/xsd/query/_3/FilterQueryType.class
org/hl7/v3/RoleClassServiceDeliveryLocation.class
org/hl7/v3/COCTMT530000UVPrecondition1.class
org/hl7/v3/ActTaskClinicalNoteReviewCode.class
org/hl7/v3/PRPAMT201301UV02Employee.class
org/hl7/v3/MFMIMT700701UV01Custodian.class
org/openhim/mediator/orchestration/ProvideAndRegisterOrchestrationActor$IdentifierMapping.class
org/hl7/v3/COCTMT510000UV06Limitation.class
org/hl7/v3/XActStatusActiveSuspended.class
org/hl7/v3/DataTypeGeneralTimingSpecification.class
org/hl7/v3/PRPAMT201303UV02Subject4.class
org/hl7/v3/IVXBMO.class
org/hl7/v3/AdoptedChild.class
oasis/names/tc/ebxml_regrep/xsd/rim/_3/ClassificationNodeType.class
org/hl7/v3/IntraocularRoute.class
org/hl7/v3/IntralesionalRoute.class
oasis/names/tc/ebxml_regrep/xsd/rim/_3/RegistryObjectListType.class
oasis/names/tc/ebxml_regrep/xsd/rim/_3/AssociationType1.class
org/hl7/v3/XDeterminerInstanceKind.class
org/hl7/v3/COCTMT030007UVPerson.class
org/hl7/v3/COCTMT530000UVAnimal.class
org/hl7/v3/ParticipationSignature.class
org/hl7/v3/Cahitan.class
org/hl7/v3/COCTMT090000UV01LicensedEntity.class
oasis/names/tc/ebxml_regrep/xsd/lcm/_3/DeprecateObjectsRequest.class
org/hl7/v3/COCTMT300000UV04SubstitutionRole.class
org/hl7/v3/ParameterizedDataTypeHistorical.class
org/hl7/v3/DataTypeMonetaryAmount.class
org/hl7/v3/DiseaseProgram.class
org/hl7/v3/ActUncertainty.class
oasis/names/tc/ebxml_regrep/xsd/rs/_3/RegistryErrorList.class
org/hl7/v3/COCTMT440001UVValuedItem.class
org/hl7/v3/XActMoodDocumentObservation.class
org/hl7/v3/COCTMT080000UVHolder.class
org/hl7/v3/COCTMT820000UVRoleOther.class
org/hl7/v3/IVLTS.class
org/hl7/v3/DataTypeIntervalOfRealNumbers.class
org/hl7/v3/DataTypePeriodicIntervalOfTime.class
org/hl7/v3/PRPAMT201302UV02StudentId.class
org/hl7/v3/PRPAMT201303UV02Patient.class
org/hl7/v3/COCTMT290000UV06Component1.class
org/hl7/v3/PRPAMT201301UV02NonPersonLivingSubject.class
org/hl7/v3/Kalapuyan.class
org/hl7/v3/COCTMT530000UVConditions.class
oasis/names/tc/ebxml_regrep/xsd/rim/_3/AdhocQueryType.class
org/hl7/v3/COCTMT290000UV06Consultant.class
org/hl7/v3/COCTMT500000UV04EmployerOrganization.class
org/hl7/v3/Pidgin.class
org/hl7/v3/MCCIMT000200UV01TargetMessage.class
org/hl7/v3/COCTMT290000UV06ProviderPerson.class
org/hl7/v3/ActClassEntry.class
org/hl7/v3/COCTMT090000UV01RoleOther.class
org/hl7/v3/COCTMT530000UVVerifier.class
org/hl7/v3/COCTMT670000UV04PersonalRelationship.class
org/hl7/v3/DataTypeSetOfCodedValue.class
org/hl7/v3/PRPAMT201302UV02CitizenIdUpdateMode.class
org/hl7/v3/HL7DefinedRoseProperty.class
org/hl7/v3/COCTMT150003UV03Person.class
org/hl7/v3/Extensibility.class
org/hl7/v3/ActInvoiceDetailTaxCode.class
org/hl7/v3/ECGObservationSeriesType.class
org/hl7/v3/VitreousHumourRoute.class
org/hl7/v3/QueryStatusCode.class
org/hl7/v3/ANY.class
org/hl7/v3/ActResearchInformationAccess.class
org/hl7/v3/Delawaran.class
org/hl7/v3/COCTMT310000UV04InFulfillmentOf.class
org/hl7/v3/ActNonObservationIndicationCode.class
org/hl7/v3/COCTMT960000UV05Position.class
oasis/names/tc/ebxml_regrep/xsd/query/_3/ServiceQueryType.class
org/openhim/mediator/orchestration/ProvideAndRegisterOrchestrationActor$HealthcareWorkerIdentifierMapping.class
org/openhim/mediator/normalization/XDSbMimeProcessorActor$SOAPPartNotFound.class
org/hl7/v3/COCTMT230100UVSubject3.class
org/hl7/v3/COCTMT530000UVProcedure.class
org/hl7/v3/ParameterizedDataTypeBag.class
org/hl7/v3/COCTMT090000UV01Device.class
org/hl7/v3/COCTMT090102UV02Person.class
org/hl7/v3/COCTMT530000UVSourceOf2.class
org/hl7/v3/XMedicationOrImmunization.class
org/hl7/v3/COCTMT530000UVComponent.class
org/hl7/v3/PRPAMT201302UV02PatientOfOtherProvider.class
org/hl7/v3/VaccineEntityType.class
org/hl7/v3/SpecimenEntityType.class
org/hl7/v3/ActInvoiceDetailGenericModifierCode.class
org/hl7/v3/PRPAIN201302UV02.class
org/hl7/v3/Dakotan.class
org/openhim/mediator/denormalization/ATNAAuditingActor.class
ihe/iti/xds_b/_2007/ProvideAndRegisterDocumentSetRequestType$Document.class
org/hl7/v3/MCAIMT900001UV01SourceOf.class
org/hl7/v3/ParticipationExposureparticipation.class
org/hl7/v3/COCTMT290000UV06ManufacturedProductOrganization.class
oasis/names/tc/ebxml_regrep/xsd/lcm/_3/UpdateObjectsRequest.class
oasis/names/tc/ebxml_regrep/xsd/query/_3/ClassificationQueryType.class
org/hl7/v3/COCTMT530000UVRole.class
org/hl7/v3/IntrapulmonaryRoute.class
org/hl7/v3/PRPAMT201301UV02BirthPlace.class
org/hl7/v3/COCTMT530000UVLabeledDrug.class
org/hl7/v3/RefillCompletePharmacySupplyType.class
org/hl7/v3/COCTMT510000UV06FinancialParticipationCharge.class
org/hl7/v3/COCTMT600000UV06HealthCareProvider.class
org/hl7/v3/COCTMT300000UV04Origin.class
org/hl7/v3/PRPAMT201302UV02AdministrativeObservationId.class
org/hl7/v3/IntracerebralRoute.class
org/hl7/v3/COCTMT510000UV06CoveragePolicy.class
org/hl7/v3/LengthOutOfRange.class
org/hl7/v3/COCTMT510000UV06Underwriter.class
org/hl7/v3/COCTMT090100UV01LanguageCommunication.class
org/hl7/v3/Coosan.class
org/hl7/v3/InterameningealRoute.class
org/openhim/mediator/messages/OrchestrateProvideAndRegisterRequest.class
org/hl7/v3/COCTMT530000UVObservationRange.class
org/hl7/v3/COCTMT060000UV01Entity.class
org/hl7/v3/ActSubstanceAdministrationImmunizationCode.class
oasis/names/tc/ebxml_regrep/xsd/query/_3/ExternalLinkQueryType.class
oasis/names/tc/ebxml_regrep/xsd/query/_3/SimpleFilterType.class
org/hl7/v3/ActInformationAccessContextCode.class
org/hl7/v3/SubstanceAdminSubstitutionReason.class
org/hl7/v3/COCTMT820000UVPerson.class
org/hl7/v3/COCTMT530000UVPrecondition2.class
org/hl7/v3/COCTMT230100UVRole.class
org/hl7/v3/CS.class
oasis/names/tc/ebxml_regrep/xsd/query/_3/AdhocQueryResponse.class
org/hl7/v3/GastricRoute.class
org/hl7/v3/SchedulingActReason.class
oasis/names/tc/ebxml_regrep/xsd/rim/_3/RegistryType.class
org/hl7/v3/TableCellScope.class
org/hl7/v3/COCTMT670000UV04GuarantorPerson.class
org/hl7/v3/COCTMT740000UV04Referrer.class
org/hl7/v3/COCTMT500000UV04PolicyOrAccount.class
oasis/names/tc/ebxml_regrep/xsd/lcm/_3/ApproveObjectsRequest.class
ihe/iti/xds_b/_2007/ProvideAndRegisterDocumentSetRequestType.class
org/hl7/v3/ParenteralRoute.class
org/hl7/v3/LavageRoute.class
org/hl7/v3/UrethralRoute.class
org/hl7/v3/PRPAMT201303UV02AdministrativeObservation.class
org/hl7/v3/ActInvoiceElementModifier.class
org/hl7/v3/COCTMT500000UV04CarrierOrganization.class
org/hl7/v3/COCTMT600000UV06PertinentInformation.class
org/hl7/v3/QTY.class
org/dcm4chee/xds2/infoset/util/InfosetUtil.class
org/hl7/v3/COCTMT490000UV04Warrantor.class
org/hl7/v3/OropharyngealRoute.class
org/hl7/v3/COCTMT080000UVProduct.class
org/hl7/v3/XActMoodDefEvnRqoPrmsPrp.class
org/hl7/v3/COCTMT510000UV06ResponsibleParty2.class
org/hl7/v3/Conditional.class
ihe/iti/xds_b/_2007/RetrieveDocumentSetResponseType.class
org/hl7/v3/MilitaryRoleType.class
org/hl7/v3/COCTMT530000UVSourceOf1.class
org/hl7/v3/ActSupplyFulfillmentRefusalReason.class
org/hl7/v3/COCTMT150000UV02Person.class
org/hl7/v3/ParticipationModeVerbal.class
org/hl7/v3/MaterialDangerInflammable.class
org/hl7/v3/CR.class
org/hl7/v3/TranstympanicRoute.class
org/hl7/v3/PRPAMT201302UV02Nation.class
org/hl7/v3/COCTMT080000UVContent4.class
org/hl7/v3/COCTMT300000UV04SupplyOrder.class
org/hl7/v3/XServiceEventPerformer.class
org/hl7/v3/ClaimantCoveredPartyRoleType.class
org/hl7/v3/PRPAIN201304UV02MFMIMT700701UV01ControlActProcess.class
org/hl7/v3/ANYNonNull.class
org/hl7/v3/PRPAMT201302UV02PatientPatientNonPersonLivingSubject.class
org/hl7/v3/COCTMT290000UV06Reason3.class
org/hl7/v3/COCTMT500000UV04PolicyHolderOrganization.class
org/hl7/v3/COCTMT090108UVPerson.class
org/hl7/v3/PRPAMT201302UV02PersonalRelationship.class
org/hl7/v3/COCTMT230100UVSubject4.class
org/openhim/mediator/messages/ResolveHealthcareWorkerIdentifierResponse.class
org/hl7/v3/COCTMT490000UV04Location.class
org/openhim/mediator/messages/ResolveFacilityIdentifierResponse.class
org/hl7/v3/BuccalMucosaRoute.class
org/hl7/v3/PadDrugForm.class
org/hl7/v3/COCTMT080000UVContent3.class
org/hl7/v3/COCTMT080000UVPrecondition.class
org/hl7/v3/NorthernIroquoian.class
org/hl7/v3/IntravascularRoute.class
org/hl7/v3/Grandparent.class
org/hl7/v3/COCTMT150000UV02OrganizationPartOf.class
org/hl7/v3/RoleClassOntologicalEquivalentEntityByBOT.class
org/hl7/v3/TopicalApplication.class
org/hl7/v3/PrescriptionDispenseFilterCode.class
org/hl7/v3/IntraepidermalRoute.class
org/hl7/v3/DataTypeParametricProbabilityDistributionOfPhysicalQuantities.class
org/hl7/v3/IntradermalRoute.class
org/hl7/v3/KoyukonIngalik.class
oasis/names/tc/ebxml_regrep/xsd/rs/_3/RegistryRequestType.class
org/hl7/v3/COCTMT090000UV01LanguageCommunication.class
org/hl7/v3/AcknowledgementType.class
oasis/names/tc/ebxml_regrep/xsd/rim/_3/ExternalIdentifierType.class
ihe/iti/xds_b/_2007/RetrieveDocumentSetResponseType$DocumentResponse.class
org/hl7/v3/AdxpHouseNumber.class
org/hl7/v3/Sahaptian.class
org/hl7/v3/XClinicalStatementSupplyMood.class
org/hl7/v3/COCTMT530000UVHealthCareFacility.class
org/hl7/v3/SoftTissueRoute.class
org/hl7/v3/PRPAMT201303UV02Subject3.class
org/hl7/v3/COCTMT300000UV04InFulfillmentOf.class
org/hl7/v3/AcknowledgementDetailType.class
oasis/names/tc/ebxml_regrep/xsd/query/_3/ExternalIdentifierQueryType.class
org/hl7/v3/COCTMT290000UV06Reason1.class
org/hl7/v3/PRPAMT201301UV02Subject3.class
org/hl7/v3/COCTMT030202UV01Person.class
org/hl7/v3/IntrailealRoute.class
org/hl7/v3/OilDrugForm.class
org/hl7/v3/IntrathecalRoute.class
org/hl7/v3/COCTMT240000UV01ServiceDeliveryLocation.class
oasis/names/tc/ebxml_regrep/xsd/lcm/_3/SubmitObjectsRequest.class
org/hl7/v3/COCTMT240003UV02ServiceDeliveryLocation.class
org/hl7/v3/ArtificialDentition.class
org/hl7/v3/COCTMT090300UV01LicensedEntity.class
org/hl7/v3/QueryQuantityUnit.class
org/hl7/v3/XActClassDocumentEntryAct.class
org/hl7/v3/COCTMT260003UVAssignedEntity.class
org/hl7/v3/ClinicalResearchObservationReason.class
org/hl7/v3/MCCIMT000200UV01RespondTo.class
org/hl7/v3/COCTMT510000UV06CoverageLimitObservation.class
org/hl7/v3/Other.class
org/hl7/v3/COCTMT530000UVEntity.class
ihe/iti/atna/AuditMessage.class
org/hl7/v3/COCTMT670000UV04Account.class
org/hl7/v3/COCTMT960000UV05Component1.class
org/hl7/v3/Nebulization.class
org/hl7/v3/AdxpStreetAddressLine.class
org/hl7/v3/BXITIVLPQ.class
org/hl7/v3/SXCMCD.class
org/hl7/v3/CV.class
org/hl7/v3/COCTMT810000UVVerification.class
oasis/names/tc/ebxml_regrep/xsd/rim/_3/ClassificationType.class
org/hl7/v3/COCTMT490000UV04ContentPackagedProduct.class
org/hl7/v3/XActRelationshipEntryRelationship.class
org/hl7/v3/COCTMT510000UV06ReplacementOf.class
org/hl7/v3/ModifyIndicator.class
org/hl7/v3/RheumClinPracticeSetting.class
org/hl7/v3/RoleClassLocatedEntity.class
org/hl7/v3/RoleClassEquivalentEntity.class
org/hl7/v3/COCTMT300000UV04Substitution.class
org/hl7/v3/AgeDetectedIssueCode.class
org/hl7/v3/BodySurfaceRoute.class
org/hl7/v3/MCCIMT000200UV01Agent.class
org/hl7/v3/PRPAMT201302UV02Person.class
org/hl7/v3/PRPAMT201302UV02Group.class
org/hl7/v3/ObservationAllergyType.class
org/hl7/v3/PerineuralRoute.class
org/hl7/v3/PRPAMT201303UV02CareGiver.class
org/hl7/v3/Tepiman.class
org/hl7/v3/SXCMMO.class
org/hl7/v3/ActAdministrativeRuleDetectedIssueCode.class
org/hl7/v3/ExpectedSubset.class
org/hl7/v3/ActClassExtract.class
org/hl7/v3/TextMediaType.class
org/hl7/v3/Pai.class
org/hl7/v3/XDocumentActMood.class
org/openhim/mediator/messages/ATNAAudit$TYPE.class
org/openhim/mediator/messages/ResolveHealthcareWorkerIdentifier.class
org/hl7/v3/SouthernAlaska.class
org/hl7/v3/RoleClassPartitivePartByBOT.class
org/hl7/v3/BlisterPackEntityType.class
org/hl7/v3/MFMIMT700701UV01ActDefinition.class
org/hl7/v3/COCTMT600000UV06Location.class
org/hl7/v3/VaginalCream.class
org/hl7/v3/ObservationAlert.class
oasis/names/tc/ebxml_regrep/xsd/query/_3/RegistryObjectQueryType.class
org/hl7/v3/COCTMT530000UVReferenceRange.class
org/hl7/v3/VideoMediaType.class
org/dcm4chee/xds2/common/XDSConstants.class
org/hl7/v3/IntravenousInjection.class
org/hl7/v3/VaginalRoute.class
org/hl7/v3/TableCellVerticalAlign.class
org/hl7/v3/COCTMT510000UV06Reference.class
org/hl7/v3/LotionDrugForm.class
org/hl7/v3/Spouse.class
org/hl7/v3/ObservationSocioEconomicStatusValue.class
org/hl7/v3/COCTMT290000UV06Component2.class
org/hl7/v3/COCTMT740000UV04Diagnosis.class
org/hl7/v3/COCTMT080000UVPerson.class
org/hl7/v3/ERPracticeSetting.class
org/hl7/v3/PedsICUPracticeSetting.class
org/hl7/v3/NaturalSibling.class
org/hl7/v3/PRPAMT201301UV02PersonalRelationship.class
org/openhim/mediator/messages/RegisterNewPatientResponse.class
org/hl7/v3/COCTMT510000UV06PolicyOrProgramFinancialLimit.class
org/hl7/v3/COCTMT600000UV06Origin.class
org/hl7/v3/ObservationEnvironmentalIntoleranceType.class
org/hl7/v3/ObservationLivingSituationValue.class
org/openhim/mediator/messages/ResolvePatientIdentifierResponse.class
org/hl7/v3/DropsDrugForm.class
org/hl7/v3/ObservationInterpretationSusceptibility.class
org/hl7/v3/COCTMT310000UV04Author.class
org/hl7/v3/SLISTTS.class
oasis/names/tc/ebxml_regrep/xsd/query/_3/CompoundFilterType.class
oasis/names/tc/ebxml_regrep/xsd/rim/_3/RegistryPackageType.class
org/hl7/v3/XInformationRecipient.class
org/hl7/v3/COCTMT060000UV01Location.class
org/hl7/v3/AdxpState.class
org/hl7/v3/PRPAMT201303UV02Group.class
org/hl7/v3/IVXBPPDPQ.class
org/hl7/v3/UnitOfMeasurePrefixInsens.class
org/hl7/v3/ParameterizedDataTypeUncertainValueNarrative.class
org/hl7/v3/COCTMT260003UVManufacturedProduct.class
org/hl7/v3/StreetName.class
org/hl7/v3/SXCMPQ.class
org/hl7/v3/DataTypePersonNameType.class
org/hl7/v3/COCTMT530000UVPerformer.class
org/hl7/v3/COCTMT030202UV01Place.class
org/hl7/v3/ParticipationInformationTranscriber.class
org/hl7/v3/COCTMT530000UVMaterialPart.class
org/hl7/v3/MedicationGeneralizationRoleType.class
org/hl7/v3/COCTMT290000UV06AdministrativeDiagnosis.class
org/openhim/mediator/normalization/ParseRegistryStoredQueryActor.class
org/hl7/v3/IntracornealRoute.class
org/hl7/v3/AdministrativeGender.class
org/hl7/v3/Cupan.class
org/hl7/v3/COCTMT230100UVSubContent.class
org/hl7/v3/TransplacentalRoute.class
org/hl7/v3/COCTMT290000UV06Substitution.class
org/hl7/v3/PRPAIN201301UV02MFMIMT700701UV01RegistrationEvent.class
org/hl7/v3/EndocervicalRoute.class
org/hl7/v3/PRPAIN201304UV02MCCIMT000100UV01Message.class
org/hl7/v3/COCTMT530000UVOrganization.class
org/hl7/v3/COCTMT510000UV06Benefit.class
org/hl7/v3/COCTMT530000UVCriterion.class
org/hl7/v3/InterstitialRoute.class
oasis/names/tc/ebxml_regrep/xsd/rim/_3/QueryExpressionType.class
org/hl7/v3/COCTMT150000UV02Organization.class
org/hl7/v3/COCTMT030007UVContactParty.class
org/hl7/v3/RoleClassSpecimen.class
org/hl7/v3/ActClassOrganizer.class
org/hl7/v3/IntrabursalRoute.class
org/hl7/v3/PRPAMT201302UV02Subject2.class
org/hl7/v3/Institution.class
org/hl7/v3/AdxpDeliveryInstallationQualifier.class
org/hl7/v3/AdxpStreetNameBase.class
org/hl7/v3/RoleLinkRelated.class
org/hl7/v3/COCTMT230100UVHolder.class
org/hl7/v3/CodeSystem.class
org/hl7/v3/NasalInhalation.class
org/hl7/v3/PRPAMT201302UV02PersonIdUpdateMode.class
org/hl7/v3/PRPAMT201301UV02Subject2.class
org/hl7/v3/ChildInLaw.class
org/hl7/v3/MCCIMT000200UV01AttentionLine.class
org/hl7/v3/COCTMT060000UV01Subject.class
org/hl7/v3/COCTMT290000UV06Location1.class
org/hl7/v3/ActRelationshipMitigates.class
org/hl7/v3/SirenikskiYupik.class
org/hl7/v3/XPhoneOrEmailURLScheme.class
oasis/names/tc/ebxml_regrep/xsd/rim/_3/VersionInfoType.class
org/hl7/v3/COCTMT090100UV01Group.class
org/hl7/v3/COCTMT510000UV06Beneficiary.class
org/hl7/v3/COCTMT500000UV04Author.class
org/hl7/v3/ParticipationTargetDevice.class
org/hl7/v3/COCTMT310000UV04AccommodationRequested.class
org/hl7/v3/SubstanceAdminGenericSubstitution.class
org/openhim/mediator/ATNAUtil$ParticipantObjectDetail.class
org/hl7/v3/Rinse.class
org/hl7/v3/COCTMT530000UVObservation.class
org/hl7/v3/COCTMT530000UVDefinition.class
org/hl7/v3/COCTMT260003UVPharmacy.class
oasis/names/tc/ebxml_regrep/xsd/rim/_3/ActionType.class
org/hl7/v3/XDocumentProcedureMood.class
org/hl7/v3/ExtraAmnioticRoute.class
org/hl7/v3/PaymentTerms.class
org/hl7/v3/IntradiscalRoute.class
org/hl7/v3/COCTMT090000UV01Person.class
org/hl7/v3/COCTMT600000UV06Performer.class
org/hl7/v3/PRPAMT201302UV02Subject3.class
org/hl7/v3/DataTypeSetOfRealNumbers.class
org/hl7/v3/ActBillableModifierCode.class
org/hl7/v3/COCTMT290000UV06SecondaryPerformer.class
org/hl7/v3/DataTypeParametricProbabilityDistributionOfRealNumbers.class
org/hl7/v3/COCTMT290000UV06Injury.class
oasis/names/tc/ebxml_regrep/xsd/query/_3/DateTimeFilterType.class
org/hl7/v3/TopicalAbsorptionRoute.class
org/hl7/v3/ActiveEditStatus.class
org/hl7/v3/PRPAMT201302UV02Subject4.class
